Archive member included to satisfy reference by file (symbol)

platform/libplatform_s.a(system_nrf91.o)
                              secure_fw/CMakeFiles/tfm_s.dir/__/platform/ext/target/nordic_nrf/common/core/startup.o (SystemInit)
platform/libplatform_s.a(exception_info.o)
                              secure_fw/CMakeFiles/tfm_s.dir/__/platform/ext/target/nordic_nrf/common/core/startup_nrf91.o (store_and_dump_context)
platform/libplatform_s.a(uart_stdout.o)
                              platform/libplatform_s.a(exception_info.o) (stdio_init)
platform/libplatform_s.a(tfm_hal_spm_logdev_peripheral.o)
                              platform/libplatform_s.a(exception_info.o) (tfm_hal_output_spm_log)
platform/libplatform_s.a(Driver_USART.o)
                              platform/libplatform_s.a(uart_stdout.o) (Driver_USART1)
platform/libplatform_s.a(nrfx_uarte.o)
                              platform/libplatform_s.a(Driver_USART.o) (nrfx_uarte_init)
platform/libplatform_s.a(nrfx_glue.o)
                              platform/libplatform_s.a(nrfx_uarte.o) (nrfx_critical_section_enter)
platform/libplatform_s.a(spu.o)
                              platform/libplatform_s.a(Driver_USART.o) (spu_peripheral_config_secure)
secure_fw/partitions/lib/runtime/libtfm_sprt.a(crt_memmove.o)
                              platform/libplatform_s.a(nrfx_uarte.o) (memmove)
secure_fw/partitions/lib/runtime/libtfm_sprt.a(crt_memcpy.o)
                              platform/libplatform_s.a(exception_info.o) (memcpy)
secure_fw/partitions/lib/runtime/libtfm_sprt.a(crt_memset.o)
                              c:/ncs/toolchains/0b393f9e1b/opt/zephyr-sdk/arm-zephyr-eabi/bin/../lib/gcc/arm-zephyr-eabi/12.2.0/../../../../arm-zephyr-eabi/lib/thumb/v8-m.main+fp/hard/crt0.o (memset)
secure_fw/partitions/lib/runtime/libtfm_sprt.a(psa_api_ipc.o)
                              secure_fw/CMakeFiles/tfm_s.dir/partitions/ns_agent_tz/psa_api_veneers_v80m.o (psa_framework_version)
secure_fw/partitions/lib/runtime/libtfm_sprt.a(sprt_partition_metadata_indicator.o)
                              secure_fw/partitions/lib/runtime/libtfm_sprt.a(psa_api_ipc.o) (p_partition_metadata)
secure_fw/spm/libtfm_spm.a(utilities.o)
                              secure_fw/CMakeFiles/tfm_s.dir/__/platform/ext/target/nordic_nrf/common/core/startup.o (tfm_core_panic)
secure_fw/spm/libtfm_spm.a(spm_log.o)
                              platform/libplatform_s.a(exception_info.o) (spm_log_msgval)
secure_fw/spm/libtfm_spm.a(main.o)
                              c:/ncs/toolchains/0b393f9e1b/opt/zephyr-sdk/arm-zephyr-eabi/bin/../lib/gcc/arm-zephyr-eabi/12.2.0/../../../../arm-zephyr-eabi/lib/thumb/v8-m.main+fp/hard/crt0.o (main)
secure_fw/spm/libtfm_spm.a(tfm_arch_v8m_main.o)
                              secure_fw/spm/libtfm_spm.a(main.o) (tfm_arch_set_secure_exception_priorities)
secure_fw/spm/libtfm_spm.a(ns_agent_tz_v80m.o)
                              secure_fw/CMakeFiles/tfm_s.dir/partitions/ns_agent_tz/load_info_ns_agent_tz.o (ns_agent_tz_main)
secure_fw/spm/libtfm_spm.a(tfm_hal_isolation.o)
                              secure_fw/spm/libtfm_spm.a(main.o) (tfm_hal_set_up_static_boundaries)
secure_fw/spm/libtfm_spm.a(faults.o)
                              secure_fw/CMakeFiles/tfm_s.dir/__/platform/ext/target/nordic_nrf/common/core/startup_nrf91.o (SPU_IRQHandler)
secure_fw/spm/libtfm_spm.a(target_cfg.o)
                              secure_fw/spm/libtfm_spm.a(tfm_hal_isolation.o) (sau_and_idau_cfg)
secure_fw/spm/libtfm_spm.a(tfm_boot_data.o)
                              secure_fw/spm/libtfm_spm.a(main.o) (tfm_core_validate_boot_data)
secure_fw/spm/libtfm_spm.a(spm_ipc.o)
                              secure_fw/spm/libtfm_spm.a(tfm_boot_data.o) (tfm_spm_partition_get_running_partition_id)
secure_fw/spm/libtfm_spm.a(rom_loader.o)
                              secure_fw/spm/libtfm_spm.a(spm_ipc.o) (load_a_partition_assuredly)
secure_fw/spm/libtfm_spm.a(backend_ipc.o)
                              secure_fw/spm/libtfm_spm.a(spm_ipc.o) (backend_init_comp_assuredly)
secure_fw/spm/libtfm_spm.a(tfm_svcalls.o)
                              secure_fw/spm/libtfm_spm.a(tfm_arch_v8m_main.o) (spm_svc_handler)
secure_fw/spm/libtfm_spm.a(thread.o)
                              secure_fw/spm/libtfm_spm.a(backend_ipc.o) (thrd_set_query_callback)
secure_fw/spm/libtfm_spm.a(tfm_spm_ns_ctx.o)
                              secure_fw/spm/libtfm_spm.a(backend_ipc.o) (tz_ns_agent_register_client_id_range)
secure_fw/spm/libtfm_spm.a(spm_connection_pool.o)
                              secure_fw/spm/libtfm_spm.a(spm_ipc.o) (connection_to_handle)
secure_fw/spm/libtfm_spm.a(tfm_hal_platform_common.o)
                              secure_fw/spm/libtfm_spm.a(tfm_spm_ns_ctx.o) (tfm_hal_get_ns_VTOR)
secure_fw/spm/libtfm_spm.a(tfm_arch.o)
                              secure_fw/spm/libtfm_spm.a(tfm_svcalls.o) (tfm_arch_free_msp_and_exc_ret)
secure_fw/spm/libtfm_spm.a(psa_api.o)
[...]
Memory Configuration

Name             Origin             Length             Attributes
FLASH            0x0000000000000000 0x0000000000040000 xr
RAM              0x0000000020000000 0x0000000000010000 rw
*default*        0x0000000000000000 0xffffffffffffffff

Linker script and memory map

LOAD c:/ncs/toolchains/0b393f9e1b/opt/zephyr-sdk/arm-zephyr-eabi/bin/../lib/gcc/arm-zephyr-eabi/12.2.0/thumb/v8-m.main+fp/hard/crti.o
LOAD c:/ncs/toolchains/0b393f9e1b/opt/zephyr-sdk/arm-zephyr-eabi/bin/../lib/gcc/arm-zephyr-eabi/12.2.0/thumb/v8-m.main+fp/hard/crtbegin.o
LOAD c:/ncs/toolchains/0b393f9e1b/opt/zephyr-sdk/arm-zephyr-eabi/bin/../lib/gcc/arm-zephyr-eabi/12.2.0/../../../../arm-zephyr-eabi/lib/thumb/v8-m.main+fp/hard/crt0.o
LOAD secure_fw/CMakeFiles/tfm_s.dir/partitions/ns_agent_tz/psa_api_veneers_v80m.o
LOAD secure_fw/CMakeFiles/tfm_s.dir/__/platform/ext/target/nordic_nrf/common/core/startup.o
LOAD secure_fw/CMakeFiles/tfm_s.dir/__/platform/ext/target/nordic_nrf/common/core/startup_nrf91.o
LOAD secure_fw/CMakeFiles/tfm_s.dir/__/platform/ext/common/faults.o
LOAD secure_fw/CMakeFiles/tfm_s.dir/__/generated/secure_fw/partitions/crypto/auto_generated/load_info_tfm_crypto.o
LOAD secure_fw/CMakeFiles/tfm_s.dir/__/generated/secure_fw/partitions/protected_storage/auto_generated/load_info_tfm_protected_storage.o
LOAD secure_fw/CMakeFiles/tfm_s.dir/__/generated/secure_fw/partitions/internal_trusted_storage/auto_generated/load_info_tfm_internal_trusted_storage.o
LOAD secure_fw/CMakeFiles/tfm_s.dir/__/generated/secure_fw/partitions/platform/auto_generated/load_info_tfm_platform.o
LOAD secure_fw/CMakeFiles/tfm_s.dir/partitions/ns_agent_tz/load_info_ns_agent_tz.o
LOAD secure_fw/CMakeFiles/tfm_s.dir/__/platform/ext/common/syscalls_stub.o
LOAD platform/libplatform_s.a
LOAD secure_fw/partitions/lib/runtime/libtfm_sprt.a
LOAD secure_fw/spm/libtfm_spm.a
LOAD secure_fw/partitions/crypto/libtfm_psa_rot_partition_crypto.a
LOAD platform/libplatform_crypto_keys.a
LOAD secure_fw/partitions/crypto/mbedcrypto/nrf_security_src/libcrypto_service_mbedcrypto.a
LOAD secure_fw/partitions/protected_storage/libtfm_app_rot_partition_ps.a
LOAD secure_fw/partitions/internal_trusted_storage/libtfm_psa_rot_partition_its.a
LOAD secure_fw/partitions/platform/libtfm_psa_rot_partition_platform.a
LOAD secure_fw/partitions/lib/runtime/libtfm_sp_log.a
LOAD secure_fw/partitions/crypto/mbedcrypto/nrf_security_src/libmbedcrypto_base.a
LOAD secure_fw/partitions/crypto/mbedcrypto/nrf_security_src/core/nrf_oberon/liboberon_psa_core.a
LOAD secure_fw/partitions/crypto/mbedcrypto/nrf_security_src/libnrf_security_utils.a
LOAD C:/ncs/v3.0.2/nrfxlib/crypto/nrf_cc310_mbedcrypto/lib/cortex-m33/hard-float/no-interrupts/libnrf_cc310_psa_crypto_0.9.19.a
LOAD secure_fw/partitions/crypto/mbedcrypto/nrf_security_src/drivers/nrf_oberon/liboberon_psa_driver.a
LOAD C:/ncs/v3.0.2/nrfxlib/crypto/nrf_cc310_mbedcrypto/lib/cortex-m33/hard-float/no-interrupts/libnrf_cc310_legacy_crypto_0.9.19.a
LOAD C:/ncs/v3.0.2/nrfxlib/crypto/nrf_oberon/lib/cortex-m33/hard-float/liboberon_mbedtls_3.0.16.a
LOAD platform/libplatform_s.a
LOAD secure_fw/partitions/lib/runtime/libtfm_sprt.a
LOAD secure_fw/spm/libtfm_spm.a
LOAD secure_fw/partitions/crypto/libtfm_psa_rot_partition_crypto.a
LOAD platform/libplatform_crypto_keys.a
LOAD secure_fw/partitions/crypto/mbedcrypto/nrf_security_src/libcrypto_service_mbedcrypto.a
LOAD secure_fw/partitions/protected_storage/libtfm_app_rot_partition_ps.a
LOAD secure_fw/partitions/internal_trusted_storage/libtfm_psa_rot_partition_its.a
LOAD secure_fw/partitions/platform/libtfm_psa_rot_partition_platform.a
LOAD secure_fw/partitions/lib/runtime/libtfm_sp_log.a
LOAD secure_fw/partitions/crypto/mbedcrypto/nrf_security_src/libmbedcrypto_base.a
LOAD secure_fw/partitions/crypto/mbedcrypto/nrf_security_src/core/nrf_oberon/liboberon_psa_core.a
LOAD secure_fw/partitions/crypto/mbedcrypto/nrf_security_src/libnrf_security_utils.a
LOAD C:/ncs/v3.0.2/nrfxlib/crypto/nrf_cc310_mbedcrypto/lib/cortex-m33/hard-float/no-interrupts/libnrf_cc310_psa_crypto_0.9.19.a
LOAD secure_fw/partitions/crypto/mbedcrypto/nrf_security_src/drivers/nrf_oberon/liboberon_psa_driver.a
LOAD C:/ncs/v3.0.2/nrfxlib/crypto/nrf_cc310_mbedcrypto/lib/cortex-m33/hard-float/no-interrupts/libnrf_cc310_legacy_crypto_0.9.19.a
LOAD C:/ncs/v3.0.2/nrfxlib/crypto/nrf_oberon/lib/cortex-m33/hard-float/liboberon_mbedtls_3.0.16.a
LOAD platform/libplatform_s.a
LOAD secure_fw/partitions/lib/runtime/libtfm_sprt.a
LOAD secure_fw/spm/libtfm_spm.a
LOAD secure_fw/partitions/crypto/libtfm_psa_rot_partition_crypto.a
LOAD platform/libplatform_crypto_keys.a
LOAD secure_fw/partitions/crypto/mbedcrypto/nrf_security_src/libcrypto_service_mbedcrypto.a
LOAD secure_fw/partitions/protected_storage/libtfm_app_rot_partition_ps.a
LOAD secure_fw/partitions/internal_trusted_storage/libtfm_psa_rot_partition_its.a
LOAD secure_fw/partitions/platform/libtfm_psa_rot_partition_platform.a
LOAD secure_fw/partitions/lib/runtime/libtfm_sp_log.a
LOAD secure_fw/partitions/crypto/mbedcrypto/nrf_security_src/libmbedcrypto_base.a
LOAD secure_fw/partitions/crypto/mbedcrypto/nrf_security_src/core/nrf_oberon/liboberon_psa_core.a
LOAD secure_fw/partitions/crypto/mbedcrypto/nrf_security_src/libnrf_security_utils.a
LOAD C:/ncs/v3.0.2/nrfxlib/crypto/nrf_cc310_mbedcrypto/lib/cortex-m33/hard-float/no-interrupts/libnrf_cc310_psa_crypto_0.9.19.a
LOAD secure_fw/partitions/crypto/mbedcrypto/nrf_security_src/drivers/nrf_oberon/liboberon_psa_driver.a
LOAD C:/ncs/v3.0.2/nrfxlib/crypto/nrf_cc310_mbedcrypto/lib/cortex-m33/hard-float/no-interrupts/libnrf_cc310_legacy_crypto_0.9.19.a
LOAD C:/ncs/v3.0.2/nrfxlib/crypto/nrf_oberon/lib/cortex-m33/hard-float/liboberon_mbedtls_3.0.16.a
LOAD c:/ncs/toolchains/0b393f9e1b/opt/zephyr-sdk/arm-zephyr-eabi/bin/../lib/gcc/arm-zephyr-eabi/12.2.0/../../../../arm-zephyr-eabi/lib/thumb/v8-m.main+fp/hard\libc_nano.a
LOAD C:/ncs/v3.0.2/nrfxlib/crypto/nrf_cc310_mbedcrypto/lib/cortex-m33/hard-float/no-interrupts/libnrf_cc310_core_0.9.19.a
LOAD C:/ncs/v3.0.2/nrfxlib/crypto/nrf_cc310_platform/lib/cortex-m33/hard-float/no-interrupts/libnrf_cc310_platform_0.9.19.a
LOAD c:/ncs/toolchains/0b393f9e1b/opt/zephyr-sdk/arm-zephyr-eabi/bin/../lib/gcc/arm-zephyr-eabi/12.2.0/../../../../arm-zephyr-eabi/lib/thumb/v8-m.main+fp/hard\libc_nano.a
LOAD C:/ncs/v3.0.2/nrfxlib/crypto/nrf_oberon/lib/cortex-m33/hard-float/liboberon_3.0.16.a
START GROUP
LOAD c:/ncs/toolchains/0b393f9e1b/opt/zephyr-sdk/arm-zephyr-eabi/bin/../lib/gcc/arm-zephyr-eabi/12.2.0/thumb/v8-m.main+fp/hard\libgcc.a
LOAD c:/ncs/toolchains/0b393f9e1b/opt/zephyr-sdk/arm-zephyr-eabi/bin/../lib/gcc/arm-zephyr-eabi/12.2.0/../../../../arm-zephyr-eabi/lib/thumb/v8-m.main+fp/hard\libc_nano.a
END GROUP
START GROUP
LOAD c:/ncs/toolchains/0b393f9e1b/opt/zephyr-sdk/arm-zephyr-eabi/bin/../lib/gcc/arm-zephyr-eabi/12.2.0/thumb/v8-m.main+fp/hard\libgcc.a
LOAD c:/ncs/toolchains/0b393f9e1b/opt/zephyr-sdk/arm-zephyr-eabi/bin/../lib/gcc/arm-zephyr-eabi/12.2.0/../../../../arm-zephyr-eabi/lib/thumb/v8-m.main+fp/hard\libc_nano.a
LOAD c:/ncs/toolchains/0b393f9e1b/opt/zephyr-sdk/arm-zephyr-eabi/bin/../lib/gcc/arm-zephyr-eabi/12.2.0/../../../../arm-zephyr-eabi/lib/thumb/v8-m.main+fp/hard\libnosys.a
END GROUP
START GROUP
LOAD c:/ncs/toolchains/0b393f9e1b/opt/zephyr-sdk/arm-zephyr-eabi/bin/../lib/gcc/arm-zephyr-eabi/12.2.0/thumb/v8-m.main+fp/hard\libgcc.a
LOAD c:/ncs/toolchains/0b393f9e1b/opt/zephyr-sdk/arm-zephyr-eabi/bin/../lib/gcc/arm-zephyr-eabi/12.2.0/../../../../arm-zephyr-eabi/lib/thumb/v8-m.main+fp/hard\libc_nano.a
LOAD c:/ncs/toolchains/0b393f9e1b/opt/zephyr-sdk/arm-zephyr-eabi/bin/../lib/gcc/arm-zephyr-eabi/12.2.0/../../../../arm-zephyr-eabi/lib/thumb/v8-m.main+fp/hard\libnosys.a
END GROUP
LOAD c:/ncs/toolchains/0b393f9e1b/opt/zephyr-sdk/arm-zephyr-eabi/bin/../lib/gcc/arm-zephyr-eabi/12.2.0/thumb/v8-m.main+fp/hard/crtend.o
LOAD c:/ncs/toolchains/0b393f9e1b/opt/zephyr-sdk/arm-zephyr-eabi/bin/../lib/gcc/arm-zephyr-eabi/12.2.0/thumb/v8-m.main+fp/hard/crtn.o
                0x0000000000000800                __msp_stack_size__ = 0x800
                0x0000000000000000                Image$$PT_RO_START$$Base = ADDR (.TFM_VECTORS)

.TFM_VECTORS    0x0000000000000000      0x144
                0x0000000000000000                __vectors_start__ = .
 *(.vectors)
 .vectors       0x0000000000000000      0x144 secure_fw/CMakeFiles/tfm_s.dir/__/platform/ext/target/nordic_nrf/common/core/startup_nrf91.o
                0x0000000000000000                __Vectors
                0x0000000000000144                . = ALIGN (0x4)
                0x0000000000000144                __vectors_end__ = .
                0x0000000000000001                ASSERT ((__vectors_start__ != __vectors_end__), .vectors should not be empty)
                0x0000000000000001                ASSERT ((. <= (ADDR (.TFM_VECTORS) + 0x144)), .TFM_VECTORS section size overflow.)
                0x0000000000000144                . = (ADDR (.TFM_VECTORS) + 0x144)

.TFM_SP_LOAD_LIST
                0x0000000000000144      0x188
 *(.part_load_priority_00)
 .part_load_priority_00
                0x0000000000000144       0x38 secure_fw/CMakeFiles/tfm_s.dir/partitions/ns_agent_tz/load_info_ns_agent_tz.o
                0x0000000000000144                tfm_sp_ns_agent_tz_load
 *(.part_load_priority_01)
 *(.part_load_priority_02)
 .part_load_priority_02
                0x000000000000017c       0x54 secure_fw/CMakeFiles/tfm_s.dir/__/generated/secure_fw/partitions/crypto/auto_generated/load_info_tfm_crypto.o
                0x000000000000017c                tfm_sp_crypto_load
 .part_load_priority_02
                0x00000000000001d0       0x5c secure_fw/CMakeFiles/tfm_s.dir/__/generated/secure_fw/partitions/protected_storage/auto_generated/load_info_tfm_protected_storage.o
                0x00000000000001d0                tfm_sp_ps_load
 .part_load_priority_02
                0x000000000000022c       0x50 secure_fw/CMakeFiles/tfm_s.dir/__/generated/secure_fw/partitions/internal_trusted_storage/auto_generated/load_info_tfm_internal_trusted_storage.o
                0x000000000000022c                tfm_sp_its_load
 .part_load_priority_02
                0x000000000000027c       0x50 secure_fw/CMakeFiles/tfm_s.dir/__/generated/secure_fw/partitions/platform/auto_generated/load_info_tfm_platform.o
                0x000000000000027c                tfm_sp_platform_load
 *(.part_load_priority_03)
                0x0000000000000144                Image$$TFM_SP_LOAD_LIST$$RO$$Base = ADDR (.TFM_SP_LOAD_LIST)
                0x00000000000002cc                Image$$TFM_SP_LOAD_LIST$$RO$$Limit = (ADDR (.TFM_SP_LOAD_LIST) + SIZEOF (.TFM_SP_LOAD_LIST))
                0x00000000000002e0                . = ALIGN (0x20)
                0x00000000000002e0                Image$$TFM_PSA_CODE_START$$Base = .

.TFM_PSA_ROT_LINKER
                0x00000000000002e0     0x28e0
 *tfm_psa_rot_partition*:(SORT_BY_ALIGNMENT(.text*))
 .text.tfm_crypto_clear_scratch
                0x00000000000002e0       0x24 secure_fw/partitions/crypto/libtfm_psa_rot_partition_crypto.a(crypto_init.o)
 .text.tfm_crypto_get_caller_id
                0x0000000000000304       0x10 secure_fw/partitions/crypto/libtfm_psa_rot_partition_crypto.a(crypto_init.o)
                0x0000000000000304                tfm_crypto_get_caller_id
 .text.tfm_crypto_api_dispatcher
                0x0000000000000314       0xbc secure_fw/partitions/crypto/libtfm_psa_rot_partition_crypto.a(crypto_init.o)
                0x0000000000000314                tfm_crypto_api_dispatcher
 .text.tfm_crypto_sfn
                0x00000000000003d0      0x188 secure_fw/partitions/crypto/libtfm_psa_rot_partition_crypto.a(crypto_init.o)
                0x00000000000003d0                tfm_crypto_sfn
 .text.tfm_crypto_init_alloc
                0x0000000000000558       0x18 secure_fw/partitions/crypto/libtfm_psa_rot_partition_crypto.a(crypto_alloc.o)
                0x0000000000000558                tfm_crypto_init_alloc
 .text.tfm_crypto_operation_alloc
                0x0000000000000570       0x68 secure_fw/partitions/crypto/libtfm_psa_rot_partition_crypto.a(crypto_alloc.o)
                0x0000000000000570                tfm_crypto_operation_alloc
 .text.tfm_crypto_operation_release
                0x00000000000005d8       0x5c secure_fw/partitions/crypto/libtfm_psa_rot_partition_crypto.a(crypto_alloc.o)
                0x00000000000005d8                tfm_crypto_operation_release
 .text.tfm_crypto_operation_lookup
                0x0000000000000634       0x58 secure_fw/partitions/crypto/libtfm_psa_rot_partition_crypto.a(crypto_alloc.o)
                0x0000000000000634                tfm_crypto_operation_lookup
 .text.tfm_crypto_library_get_info
                0x000000000000068c       0x1c secure_fw/partitions/crypto/libtfm_psa_rot_partition_crypto.a(crypto_library.o)
                0x000000000000068c                tfm_crypto_library_get_info
 .text.tfm_crypto_core_library_init
                0x00000000000006a8       0x20 secure_fw/partitions/crypto/libtfm_psa_rot_partition_crypto.a(crypto_library.o)
                0x00000000000006a8                tfm_crypto_core_library_init
 .text.tfm_internal_trusted_storage_service_sfn
                0x00000000000006c8      0x118 secure_fw/partitions/internal_trusted_storage/libtfm_psa_rot_partition_its.a(tfm_its_req_mngr.o)
                0x00000000000006c8                tfm_internal_trusted_storage_service_sfn
 .text.its_req_mngr_read
                0x00000000000007e0       0x14 secure_fw/partitions/internal_trusted_storage/libtfm_psa_rot_partition_its.a(tfm_its_req_mngr.o)
                0x00000000000007e0                its_req_mngr_read
 .text.its_req_mngr_write
                0x00000000000007f4       0x14 secure_fw/partitions/internal_trusted_storage/libtfm_psa_rot_partition_its.a(tfm_its_req_mngr.o)
                0x00000000000007f4                its_req_mngr_write
 .text.get_file_info
                0x0000000000000808       0x60 secure_fw/partitions/internal_trusted_storage/libtfm_psa_rot_partition_its.a(tfm_internal_trusted_storage.o)
 .text.tfm_its_init
                0x0000000000000868      0x104 secure_fw/partitions/internal_trusted_storage/libtfm_psa_rot_partition_its.a(tfm_internal_trusted_storage.o)
                0x0000000000000868                tfm_its_init
 .text.tfm_its_set
                0x000000000000096c       0xf8 secure_fw/partitions/internal_trusted_storage/libtfm_psa_rot_partition_its.a(tfm_internal_trusted_storage.o)
                0x000000000000096c                tfm_its_set
 .text.tfm_its_get
                0x0000000000000a64      0x114 secure_fw/partitions/internal_trusted_storage/libtfm_psa_rot_partition_its.a(tfm_internal_trusted_storage.o)
                0x0000000000000a64                tfm_its_get
 .text.tfm_its_get_info
                0x0000000000000b78       0x24 secure_fw/partitions/internal_trusted_storage/libtfm_psa_rot_partition_its.a(tfm_internal_trusted_storage.o)
                0x0000000000000b78                tfm_its_get_info
 .text.tfm_its_remove
                0x0000000000000b9c       0x44 secure_fw/partitions/internal_trusted_storage/libtfm_psa_rot_partition_its.a(tfm_internal_trusted_storage.o)
                0x0000000000000b9c                tfm_its_remove
 .text.its_flash_nor_write
                0x0000000000000be0       0x44 secure_fw/partitions/internal_trusted_storage/libtfm_psa_rot_partition_its.a(its_flash_nor.o)
 .text.its_flash_nor_read
                0x0000000000000c24       0xc8 secure_fw/partitions/internal_trusted_storage/libtfm_psa_rot_partition_its.a(its_flash_nor.o)
 .text.derive_subkey_into_buffer
                0x0000000000000cec      0x110 secure_fw/partitions/crypto/libtfm_psa_rot_partition_crypto.a(tfm_builtin_key_loader.o)
 .text.tfm_builtin_key_loader_init
                0x0000000000000dfc       0xe0 secure_fw/partitions/crypto/libtfm_psa_rot_partition_crypto.a(tfm_builtin_key_loader.o)
                0x0000000000000dfc                tfm_builtin_key_loader_init
 .text.tfm_builtin_key_loader_get_key_buffer_size
                0x0000000000000edc       0x5c secure_fw/partitions/crypto/libtfm_psa_rot_partition_crypto.a(tfm_builtin_key_loader.o)
                0x0000000000000edc                tfm_builtin_key_loader_get_key_buffer_size
 .text.tfm_builtin_key_loader_get_builtin_key
                0x0000000000000f38      0x11c secure_fw/partitions/crypto/libtfm_psa_rot_partition_crypto.a(tfm_builtin_key_loader.o)
                0x0000000000000f38                tfm_builtin_key_loader_get_builtin_key
 .text.tfm_crypto_init
                0x0000000000001054       0x1c secure_fw/partitions/crypto/libtfm_psa_rot_partition_crypto.a(crypto_init.o)
                0x0000000000001054                tfm_crypto_init
 .text.tfm_crypto_cipher_interface
                0x0000000000001070        0x6 secure_fw/partitions/crypto/libtfm_psa_rot_partition_crypto.a(crypto_cipher.o)
                0x0000000000001070                tfm_crypto_cipher_interface
 .text.tfm_crypto_hash_interface
                0x0000000000001076      0x182 secure_fw/partitions/crypto/libtfm_psa_rot_partition_crypto.a(crypto_hash.o)
                0x0000000000001076                tfm_crypto_hash_interface
 .text.tfm_crypto_mac_interface
                0x00000000000011f8      0x178 secure_fw/partitions/crypto/libtfm_psa_rot_partition_crypto.a(crypto_mac.o)
                0x00000000000011f8                tfm_crypto_mac_interface
 .text.tfm_crypto_aead_interface
                0x0000000000001370      0x210 secure_fw/partitions/crypto/libtfm_psa_rot_partition_crypto.a(crypto_aead.o)
                0x0000000000001370                tfm_crypto_aead_interface
 .text.tfm_crypto_asymmetric_sign_interface
                0x0000000000001580        0x6 secure_fw/partitions/crypto/libtfm_psa_rot_partition_crypto.a(crypto_asymmetric.o)
                0x0000000000001580                tfm_crypto_asymmetric_sign_interface
 .text.tfm_crypto_asymmetric_encrypt_interface
                0x0000000000001586        0x6 secure_fw/partitions/crypto/libtfm_psa_rot_partition_crypto.a(crypto_asymmetric.o)
                0x0000000000001586                tfm_crypto_asymmetric_encrypt_interface
 .text.tfm_crypto_key_derivation_interface
                0x000000000000158c      0x188 secure_fw/partitions/crypto/libtfm_psa_rot_partition_crypto.a(crypto_key_derivation.o)
                0x000000000000158c                tfm_crypto_key_derivation_interface
 .text.tfm_crypto_key_management_interface
                0x0000000000001714      0x176 secure_fw/partitions/crypto/libtfm_psa_rot_partition_crypto.a(crypto_key_management.o)
                0x0000000000001714                tfm_crypto_key_management_interface
 .text.tfm_crypto_random_interface
                0x000000000000188a        0x8 secure_fw/partitions/crypto/libtfm_psa_rot_partition_crypto.a(crypto_rng.o)
                0x000000000000188a                tfm_crypto_random_interface
 .text.tfm_crypto_library_key_id_init
                0x0000000000001892        0x6 secure_fw/partitions/crypto/libtfm_psa_rot_partition_crypto.a(crypto_library.o)
                0x0000000000001892                tfm_crypto_library_key_id_init
 .text.tfm_crypto_library_get_library_key_id_set_owner
                0x0000000000001898        0x4 secure_fw/partitions/crypto/libtfm_psa_rot_partition_crypto.a(crypto_library.o)
                0x0000000000001898                tfm_crypto_library_get_library_key_id_set_owner
 .text.mbedtls_psa_platform_get_builtin_key
                0x000000000000189c       0x4a secure_fw/partitions/crypto/libtfm_psa_rot_partition_crypto.a(crypto_library.o)
                0x000000000000189c                mbedtls_psa_platform_get_builtin_key
 .text.tfm_crypto_pake_interface
                0x00000000000018e6        0x6 secure_fw/partitions/crypto/libtfm_psa_rot_partition_crypto.a(crypto_pake.o)
                0x00000000000018e6                tfm_crypto_pake_interface
 .text.tfm_its_entry
                0x00000000000018ec        0x4 secure_fw/partitions/internal_trusted_storage/libtfm_psa_rot_partition_its.a(tfm_its_req_mngr.o)
                0x00000000000018ec                tfm_its_entry
 .text.tfm_its_crypt_file
                0x00000000000018f0       0xf2 secure_fw/partitions/internal_trusted_storage/libtfm_psa_rot_partition_its.a(its_crypto_interface.o)
                0x00000000000018f0                tfm_its_crypt_file
 .text.its_flash_nor_init
                0x00000000000019e2       0x14 secure_fw/partitions/internal_trusted_storage/libtfm_psa_rot_partition_its.a(its_flash_nor.o)
 .text.its_flash_nor_flush
                0x00000000000019f6        0x4 secure_fw/partitions/internal_trusted_storage/libtfm_psa_rot_partition_its.a(its_flash_nor.o)
 .text.its_flash_nor_erase
                0x00000000000019fa       0x2e secure_fw/partitions/internal_trusted_storage/libtfm_psa_rot_partition_its.a(its_flash_nor.o)
 .text.its_flash_fs_delete_idx
                0x0000000000001a28       0xe6 secure_fw/partitions/internal_trusted_storage/libtfm_psa_rot_partition_its.a(its_flash_fs.o)
 .text.its_flash_fs_init_ctx
                0x0000000000001b0e       0x64 secure_fw/partitions/internal_trusted_storage/libtfm_psa_rot_partition_its.a(its_flash_fs.o)
                0x0000000000001b0e                its_flash_fs_init_ctx
 .text.its_flash_fs_prepare
                0x0000000000001b72       0x34 secure_fw/partitions/internal_trusted_storage/libtfm_psa_rot_partition_its.a(its_flash_fs.o)
                0x0000000000001b72                its_flash_fs_prepare
 .text.its_flash_fs_wipe_all
                0x0000000000001ba6        0x4 secure_fw/partitions/internal_trusted_storage/libtfm_psa_rot_partition_its.a(its_flash_fs.o)
                0x0000000000001ba6                its_flash_fs_wipe_all
 .text.its_flash_fs_file_get_info
                0x0000000000001baa       0x44 secure_fw/partitions/internal_trusted_storage/libtfm_psa_rot_partition_its.a(its_flash_fs.o)
                0x0000000000001baa                its_flash_fs_file_get_info
 .text.its_flash_fs_file_write
                0x0000000000001bee      0x216 secure_fw/partitions/internal_trusted_storage/libtfm_psa_rot_partition_its.a(its_flash_fs.o)
                0x0000000000001bee                its_flash_fs_file_write
 .text.its_flash_fs_file_delete
                0x0000000000001e04       0x20 secure_fw/partitions/internal_trusted_storage/libtfm_psa_rot_partition_its.a(its_flash_fs.o)
                0x0000000000001e04                its_flash_fs_file_delete
 .text.its_flash_fs_file_read
                0x0000000000001e24       0x42 secure_fw/partitions/internal_trusted_storage/libtfm_psa_rot_partition_its.a(its_flash_fs.o)
                0x0000000000001e24                its_flash_fs_file_read
 .text.its_flash_fs_dblock_compact_block
                0x0000000000001e66       0xaa secure_fw/partitions/internal_trusted_storage/libtfm_psa_rot_partition_its.a(its_flash_fs_dblock.o)
                0x0000000000001e66                its_flash_fs_dblock_compact_block
 .text.its_flash_fs_dblock_read_file
                0x0000000000001f10       0x42 secure_fw/partitions/internal_trusted_storage/libtfm_psa_rot_partition_its.a(its_flash_fs_dblock.o)
                0x0000000000001f10                its_flash_fs_dblock_read_file
 .text.its_flash_fs_dblock_write_file
                0x0000000000001f52       0x82 secure_fw/partitions/internal_trusted_storage/libtfm_psa_rot_partition_its.a(its_flash_fs_dblock.o)
                0x0000000000001f52                its_flash_fs_dblock_write_file
 .text.its_mblock_update_scratch_block_meta
                0x0000000000001fd4       0x1a secure_fw/partitions/internal_trusted_storage/libtfm_psa_rot_partition_its.a(its_flash_fs_mblock.o)
 .text.its_mblock_erase_scratch_blocks
                0x0000000000001fee       0x28 secure_fw/partitions/internal_trusted_storage/libtfm_psa_rot_partition_its.a(its_flash_fs_mblock.o)
 .text.its_num_dedicated_dblocks.isra.0
                0x0000000000002016        0xc secure_fw/partitions/internal_trusted_storage/libtfm_psa_rot_partition_its.a(its_flash_fs_mblock.o)
 .text.its_mblock_file_meta_offset.isra.0
                0x0000000000002022       0x16 secure_fw/partitions/internal_trusted_storage/libtfm_psa_rot_partition_its.a(its_flash_fs_mblock.o)
 .text.its_mblock_calculate_metadata_xor.part.0
                0x0000000000002038       0xa6 secure_fw/partitions/internal_trusted_storage/libtfm_psa_rot_partition_its.a(its_flash_fs_mblock.o)
 .text.its_mblock_write_scratch_meta_header
                0x00000000000020de       0x44 secure_fw/partitions/internal_trusted_storage/libtfm_psa_rot_partition_its.a(its_flash_fs_mblock.o)
 .text.its_mblock_validate_header_meta
                0x0000000000002122       0x5c secure_fw/partitions/internal_trusted_storage/libtfm_psa_rot_partition_its.a(its_flash_fs_mblock.o)
 .text.its_init_get_active_metablock
                0x000000000000217e       0xbe secure_fw/partitions/internal_trusted_storage/libtfm_psa_rot_partition_its.a(its_flash_fs_mblock.o)
 .text.its_flash_fs_mblock_cur_data_scratch_id
                0x000000000000223c        0xa secure_fw/partitions/internal_trusted_storage/libtfm_psa_rot_partition_its.a(its_flash_fs_mblock.o)
                0x000000000000223c                its_flash_fs_mblock_cur_data_scratch_id
 .text.its_flash_fs_mblock_meta_update_finalize
                0x0000000000002246       0x2a secure_fw/partitions/internal_trusted_storage/libtfm_psa_rot_partition_its.a(its_flash_fs_mblock.o)
                0x0000000000002246                its_flash_fs_mblock_meta_update_finalize
 .text.its_flash_fs_mblock_read_file_meta
                0x0000000000002270       0x7e secure_fw/partitions/internal_trusted_storage/libtfm_psa_rot_partition_its.a(its_flash_fs_mblock.o)
                0x0000000000002270                its_flash_fs_mblock_read_file_meta
 .text.its_flash_fs_mblock_get_file_idx_meta
                0x00000000000022ee       0x66 secure_fw/partitions/internal_trusted_storage/libtfm_psa_rot_partition_its.a(its_flash_fs_mblock.o)
                0x00000000000022ee                its_flash_fs_mblock_get_file_idx_meta
 .text.its_flash_fs_mblock_get_file_idx_flag
                0x0000000000002354       0x3c secure_fw/partitions/internal_trusted_storage/libtfm_psa_rot_partition_its.a(its_flash_fs_mblock.o)
                0x0000000000002354                its_flash_fs_mblock_get_file_idx_flag
 .text.its_flash_fs_mblock_read_block_metadata
                0x0000000000002390       0x58 secure_fw/partitions/internal_trusted_storage/libtfm_psa_rot_partition_its.a(its_flash_fs_mblock.o)
                0x0000000000002390                its_flash_fs_mblock_read_block_metadata
 .text.its_flash_fs_mblock_read_block_metadata_comp
                0x00000000000023e8       0x66 secure_fw/partitions/internal_trusted_storage/libtfm_psa_rot_partition_its.a(its_flash_fs_mblock.o)
                0x00000000000023e8                its_flash_fs_mblock_read_block_metadata_comp
 .text.its_flash_fs_mblock_reserve_file
                0x000000000000244e       0xbc secure_fw/partitions/internal_trusted_storage/libtfm_psa_rot_partition_its.a(its_flash_fs_mblock.o)
                0x000000000000244e                its_flash_fs_mblock_reserve_file
 .text.its_flash_fs_mblock_set_data_scratch
                0x000000000000250a        0x6 secure_fw/partitions/internal_trusted_storage/libtfm_psa_rot_partition_its.a(its_flash_fs_mblock.o)
                0x000000000000250a                its_flash_fs_mblock_set_data_scratch
 .text.its_flash_fs_mblock_update_scratch_file_meta
                0x0000000000002510       0x24 secure_fw/partitions/internal_trusted_storage/libtfm_psa_rot_partition_its.a(its_flash_fs_mblock.o)
                0x0000000000002510                its_flash_fs_mblock_update_scratch_file_meta
 .text.its_flash_fs_mblock_reset_metablock
                0x0000000000002534      0x130 secure_fw/partitions/internal_trusted_storage/libtfm_psa_rot_partition_its.a(its_flash_fs_mblock.o)
                0x0000000000002534                its_flash_fs_mblock_reset_metablock
 .text.its_flash_fs_block_to_block_move
                0x0000000000002664       0x5c secure_fw/partitions/internal_trusted_storage/libtfm_psa_rot_partition_its.a(its_flash_fs_mblock.o)
                0x0000000000002664                its_flash_fs_block_to_block_move
 .text.its_flash_fs_mblock_cp_file_meta
                0x00000000000026c0       0x2e secure_fw/partitions/internal_trusted_storage/libtfm_psa_rot_partition_its.a(its_flash_fs_mblock.o)
                0x00000000000026c0                its_flash_fs_mblock_cp_file_meta
 .text.its_flash_fs_mblock_init
                0x00000000000026ee       0xb8 secure_fw/partitions/internal_trusted_storage/libtfm_psa_rot_partition_its.a(its_flash_fs_mblock.o)
                0x00000000000026ee                its_flash_fs_mblock_init
 .text.its_flash_fs_mblock_migrate_lb0_data_to_scratch
                0x00000000000027a6       0x2e secure_fw/partitions/internal_trusted_storage/libtfm_psa_rot_partition_its.a(its_flash_fs_mblock.o)
                0x00000000000027a6                its_flash_fs_mblock_migrate_lb0_data_to_scratch
 .text.its_flash_fs_mblock_update_scratch_block_meta
                0x00000000000027d4       0x88 secure_fw/partitions/internal_trusted_storage/libtfm_psa_rot_partition_its.a(its_flash_fs_mblock.o)
                0x00000000000027d4                its_flash_fs_mblock_update_scratch_block_meta
 .text.its_utils_check_contained_in
                0x000000000000285c       0x18 secure_fw/partitions/internal_trusted_storage/libtfm_psa_rot_partition_its.a(its_utils.o)
                0x000000000000285c                its_utils_check_contained_in
 .text.its_utils_validate_fid
                0x0000000000002874       0x1a secure_fw/partitions/internal_trusted_storage/libtfm_psa_rot_partition_its.a(its_utils.o)
                0x0000000000002874                its_utils_validate_fid
 .text.tfm_platform_service_sfn
                0x000000000000288e      0x24e secure_fw/partitions/platform/libtfm_psa_rot_partition_platform.a(platform_sp.o)
                0x000000000000288e                tfm_platform_service_sfn
 .text.platform_sp_init
                0x0000000000002adc       0x12 secure_fw/partitions/platform/libtfm_psa_rot_partition_platform.a(platform_sp.o)
                0x0000000000002adc                platform_sp_init
 .text.psa_set_key_usage_flags
                0x0000000000002aee       0x14 secure_fw/partitions/crypto/libtfm_psa_rot_partition_crypto.a(tfm_builtin_key_loader.o)
 *tfm_psa_rot_partition*:(SORT_BY_ALIGNMENT(.rodata*))
 *fill*         0x0000000000002b02        0x2 
 .rodata.its_flash_fs_ops_nor
                0x0000000000002b04       0x14 secure_fw/partitions/internal_trusted_storage/libtfm_psa_rot_partition_its.a(its_flash_nor.o)
                0x0000000000002b04                its_flash_fs_ops_nor
 .rodata.data_width_byte
                0x0000000000002b18        0xc secure_fw/partitions/internal_trusted_storage/libtfm_psa_rot_partition_its.a(its_flash_nor.o)
 .rodata.tfm_crypto_api_dispatcher.str1.1
                0x0000000000002b24       0x25 secure_fw/partitions/crypto/libtfm_psa_rot_partition_crypto.a(crypto_init.o)
 .rodata.tfm_crypto_library_get_info.str1.1
                0x0000000000002b49        0xf secure_fw/partitions/crypto/libtfm_psa_rot_partition_crypto.a(crypto_library.o)
 .rodata.tfm_its_init.str1.1
                0x0000000000002b58       0x4b secure_fw/partitions/internal_trusted_storage/libtfm_psa_rot_partition_its.a(tfm_internal_trusted_storage.o)
 *(TFM_*_PSA-ROT_ATTR_FN)
                0x0000000000002bc0                . = ALIGN (0x20)
 *fill*         0x0000000000002ba3       0x1d 
                0x00000000000002e0                Image$$TFM_PSA_ROT_LINKER$$RO$$Base = ADDR (.TFM_PSA_ROT_LINKER)
                0x0000000000002bc0                Image$$TFM_PSA_ROT_LINKER$$RO$$Limit = (ADDR (.TFM_PSA_ROT_LINKER) + SIZEOF (.TFM_PSA_ROT_LINKER))
                0x00000000000002e0                Image$$TFM_PSA_ROT_LINKER$$Base = ADDR (.TFM_PSA_ROT_LINKER)
                0x0000000000002bc0                Image$$TFM_PSA_ROT_LINKER$$Limit = (ADDR (.TFM_PSA_ROT_LINKER) + SIZEOF (.TFM_PSA_ROT_LINKER))
                0x0000000000002bc0                Image$$TFM_PSA_CODE_END$$Base = .
                0x0000000000002bc0                Image$$TFM_APP_CODE_START$$Base = .

.TFM_APP_ROT_LINKER
                0x0000000000002bc0      0xd20
 *tfm_app_rot_partition*:(SORT_BY_ALIGNMENT(.text*))
 .text.tfm_protected_storage_service_sfn
                0x0000000000002bc0      0x128 secure_fw/partitions/protected_storage/libtfm_app_rot_partition_ps.a(tfm_ps_req_mngr.o)
                0x0000000000002bc0                tfm_protected_storage_service_sfn
 .text.ps_req_mngr_read_asset_data
                0x0000000000002ce8       0x24 secure_fw/partitions/protected_storage/libtfm_app_rot_partition_ps.a(tfm_ps_req_mngr.o)
                0x0000000000002ce8                ps_req_mngr_read_asset_data
 .text.ps_req_mngr_write_asset_data
                0x0000000000002d0c       0x1c secure_fw/partitions/protected_storage/libtfm_app_rot_partition_ps.a(tfm_ps_req_mngr.o)
                0x0000000000002d0c                ps_req_mngr_write_asset_data
 .text.tfm_ps_init
                0x0000000000002d28       0x28 secure_fw/partitions/protected_storage/libtfm_app_rot_partition_ps.a(tfm_protected_storage.o)
                0x0000000000002d28                tfm_ps_init
 .text.ps_system_prepare
                0x0000000000002d50       0x1c secure_fw/partitions/protected_storage/libtfm_app_rot_partition_ps.a(ps_object_system.o)
                0x0000000000002d50                ps_system_prepare
 .text.ps_object_read
                0x0000000000002d6c       0x70 secure_fw/partitions/protected_storage/libtfm_app_rot_partition_ps.a(ps_object_system.o)
                0x0000000000002d6c                ps_object_read
 .text.ps_object_create
                0x0000000000002ddc       0xfc secure_fw/partitions/protected_storage/libtfm_app_rot_partition_ps.a(ps_object_system.o)
                0x0000000000002ddc                ps_object_create
 .text.ps_object_get_info
                0x0000000000002ed8       0x58 secure_fw/partitions/protected_storage/libtfm_app_rot_partition_ps.a(ps_object_system.o)
                0x0000000000002ed8                ps_object_get_info
 .text.ps_object_delete
                0x0000000000002f30       0x70 secure_fw/partitions/protected_storage/libtfm_app_rot_partition_ps.a(ps_object_system.o)
                0x0000000000002f30                ps_object_delete
 .text.ps_get_object_entry_idx
                0x0000000000002fa0       0x34 secure_fw/partitions/protected_storage/libtfm_app_rot_partition_ps.a(ps_object_table.o)
 .text.ps_object_table_save_table.constprop.0
                0x0000000000002fd4       0xec secure_fw/partitions/protected_storage/libtfm_app_rot_partition_ps.a(ps_object_table.o)
 .text.ps_object_table_create
                0x00000000000030c0       0x28 secure_fw/partitions/protected_storage/libtfm_app_rot_partition_ps.a(ps_object_table.o)
                0x00000000000030c0                ps_object_table_create
 .text.ps_object_table_init
                0x00000000000030e8      0x144 secure_fw/partitions/protected_storage/libtfm_app_rot_partition_ps.a(ps_object_table.o)
                0x00000000000030e8                ps_object_table_init
 .text.ps_object_table_get_free_fid
                0x000000000000322c       0x64 secure_fw/partitions/protected_storage/libtfm_app_rot_partition_ps.a(ps_object_table.o)
                0x000000000000322c                ps_object_table_get_free_fid
 .text.ps_object_table_set_obj_tbl_info
                0x0000000000003290       0xac secure_fw/partitions/protected_storage/libtfm_app_rot_partition_ps.a(ps_object_table.o)
                0x0000000000003290                ps_object_table_set_obj_tbl_info
 .text.ps_object_table_get_obj_tbl_info
                0x000000000000333c       0x2c secure_fw/partitions/protected_storage/libtfm_app_rot_partition_ps.a(ps_object_table.o)
                0x000000000000333c                ps_object_table_get_obj_tbl_info
 .text.ps_object_table_delete_object
                0x0000000000003368       0x4c secure_fw/partitions/protected_storage/libtfm_app_rot_partition_ps.a(ps_object_table.o)
                0x0000000000003368                ps_object_table_delete_object
 .text.ps_object_table_delete_old_table
                0x00000000000033b4       0x14 secure_fw/partitions/protected_storage/libtfm_app_rot_partition_ps.a(ps_object_table.o)
                0x00000000000033b4                ps_object_table_delete_old_table
 .text.ps_crypto_setkey
                0x00000000000033c8       0x94 secure_fw/partitions/protected_storage/libtfm_app_rot_partition_ps.a(ps_crypto_interface.o)
                0x00000000000033c8                ps_crypto_setkey
 .text.ps_crypto_destroykey
                0x000000000000345c       0x18 secure_fw/partitions/protected_storage/libtfm_app_rot_partition_ps.a(ps_crypto_interface.o)
                0x000000000000345c                ps_crypto_destroykey
 .text.ps_crypto_set_iv
                0x0000000000003474       0x10 secure_fw/partitions/protected_storage/libtfm_app_rot_partition_ps.a(ps_crypto_interface.o)
                0x0000000000003474                ps_crypto_set_iv
 .text.ps_crypto_get_iv
                0x0000000000003484       0x70 secure_fw/partitions/protected_storage/libtfm_app_rot_partition_ps.a(ps_crypto_interface.o)
                0x0000000000003484                ps_crypto_get_iv
 .text.ps_crypto_encrypt_and_tag
                0x00000000000034f4       0x54 secure_fw/partitions/protected_storage/libtfm_app_rot_partition_ps.a(ps_crypto_interface.o)
                0x00000000000034f4                ps_crypto_encrypt_and_tag
 .text.ps_crypto_auth_and_decrypt
                0x0000000000003548       0x58 secure_fw/partitions/protected_storage/libtfm_app_rot_partition_ps.a(ps_crypto_interface.o)
                0x0000000000003548                ps_crypto_auth_and_decrypt
 .text.ps_crypto_generate_auth_tag
                0x00000000000035a0       0x48 secure_fw/partitions/protected_storage/libtfm_app_rot_partition_ps.a(ps_crypto_interface.o)
                0x00000000000035a0                ps_crypto_generate_auth_tag
 .text.ps_crypto_authenticate
                0x00000000000035e8       0x44 secure_fw/partitions/protected_storage/libtfm_app_rot_partition_ps.a(ps_crypto_interface.o)
                0x00000000000035e8                ps_crypto_authenticate
 .text.tfm_ps_entry
                0x000000000000362c        0x4 secure_fw/partitions/protected_storage/libtfm_app_rot_partition_ps.a(tfm_ps_req_mngr.o)
                0x000000000000362c                tfm_ps_entry
 .text.tfm_ps_set
                0x0000000000003630       0x2c secure_fw/partitions/protected_storage/libtfm_app_rot_partition_ps.a(tfm_protected_storage.o)
                0x0000000000003630                tfm_ps_set
 .text.tfm_ps_get
                0x000000000000365c       0x28 secure_fw/partitions/protected_storage/libtfm_app_rot_partition_ps.a(tfm_protected_storage.o)
                0x000000000000365c                tfm_ps_get
 .text.tfm_ps_get_info
                0x0000000000003684       0x24 secure_fw/partitions/protected_storage/libtfm_app_rot_partition_ps.a(tfm_protected_storage.o)
                0x0000000000003684                tfm_ps_get_info
 .text.tfm_ps_remove
                0x00000000000036a8       0x26 secure_fw/partitions/protected_storage/libtfm_app_rot_partition_ps.a(tfm_protected_storage.o)
                0x00000000000036a8                tfm_ps_remove
 .text.tfm_ps_get_support
                0x00000000000036ce        0x4 secure_fw/partitions/protected_storage/libtfm_app_rot_partition_ps.a(tfm_protected_storage.o)
                0x00000000000036ce                tfm_ps_get_support
 .text.ps_remove_old_data
                0x00000000000036d2       0x18 secure_fw/partitions/protected_storage/libtfm_app_rot_partition_ps.a(ps_object_system.o)
 .text.ps_system_wipe_all
                0x00000000000036ea        0x4 secure_fw/partitions/protected_storage/libtfm_app_rot_partition_ps.a(ps_object_system.o)
                0x00000000000036ea                ps_system_wipe_all
 .text.ps_object_table_authenticate
                0x00000000000036ee       0x56 secure_fw/partitions/protected_storage/libtfm_app_rot_partition_ps.a(ps_object_table.o)
 .text.ps_crypto_init
                0x0000000000003744        0x4 secure_fw/partitions/protected_storage/libtfm_app_rot_partition_ps.a(ps_crypto_interface.o)
                0x0000000000003744                ps_crypto_init
 .text.ps_encrypted_object_read
                0x0000000000003748       0x86 secure_fw/partitions/protected_storage/libtfm_app_rot_partition_ps.a(ps_encrypted_object.o)
                0x0000000000003748                ps_encrypted_object_read
 .text.ps_encrypted_object_write
                0x00000000000037ce       0x9c secure_fw/partitions/protected_storage/libtfm_app_rot_partition_ps.a(ps_encrypted_object.o)
                0x00000000000037ce                ps_encrypted_object_write
 .text.ps_read_nv_counter
                0x000000000000386a       0x16 secure_fw/partitions/protected_storage/libtfm_app_rot_partition_ps.a(ps_nv_counters.o)
                0x000000000000386a                ps_read_nv_counter
 .text.ps_increment_nv_counter
                0x0000000000003880       0x12 secure_fw/partitions/protected_storage/libtfm_app_rot_partition_ps.a(ps_nv_counters.o)
                0x0000000000003880                ps_increment_nv_counter
 *tfm_app_rot_partition*:(SORT_BY_ALIGNMENT(.rodata*))
 *fill*         0x0000000000003892        0x6 
 .rodata        0x0000000000003898       0x20 secure_fw/partitions/protected_storage/libtfm_app_rot_partition_ps.a(ps_object_table.o)
 .rodata.tfm_ps_init.str1.1
                0x00000000000038b8       0x21 secure_fw/partitions/protected_storage/libtfm_app_rot_partition_ps.a(tfm_protected_storage.o)
 *(TFM_*_APP-ROT_ATTR_FN)
                0x00000000000038e0                . = ALIGN (0x20)
 *fill*         0x00000000000038d9        0x7 
                0x0000000000002bc0                Image$$TFM_APP_ROT_LINKER$$RO$$Base = ADDR (.TFM_APP_ROT_LINKER)
                0x00000000000038e0                Image$$TFM_APP_ROT_LINKER$$RO$$Limit = (ADDR (.TFM_APP_ROT_LINKER) + SIZEOF (.TFM_APP_ROT_LINKER))
                0x0000000000002bc0                Image$$TFM_APP_ROT_LINKER$$Base = ADDR (.TFM_APP_ROT_LINKER)
                0x00000000000038e0                Image$$TFM_APP_ROT_LINKER$$Limit = (ADDR (.TFM_APP_ROT_LINKER) + SIZEOF (.TFM_APP_ROT_LINKER))
                0x00000000000038e0                Image$$TFM_APP_CODE_END$$Base = .

.ARM.extab
 *(.ARM.extab* .gnu.linkonce.armextab.*)
                0x00000000000038e0                __exidx_start = .

.ARM.exidx      0x00000000000038e0        0x8
 *(.ARM.exidx* .gnu.linkonce.armexidx.*)
 .ARM.exidx     0x00000000000038e0        0x8 c:/ncs/toolchains/0b393f9e1b/opt/zephyr-sdk/arm-zephyr-eabi/bin/../lib/gcc/arm-zephyr-eabi/12.2.0/../../../../arm-zephyr-eabi/lib/thumb/v8-m.main+fp/hard/crt0.o
                                         0x10 (size before relaxing)
                0x00000000000038e8                __exidx_end = .

.ER_TFM_CODE    0x00000000000038e8     0x47b7
                0x00000000000038e8                . = ALIGN (0x4)
                0x00000000000038e8                PROVIDE (__preinit_array_start = .)
 *(.preinit_array)
                0x00000000000038e8                PROVIDE (__preinit_array_end = .)
                0x00000000000038e8                . = ALIGN (0x4)
                0x00000000000038e8                PROVIDE (__init_array_start = .)
 *(SORT_BY_NAME(.init_array.*))
 *(.init_array)
 .init_array    0x00000000000038e8        0x4 c:/ncs/toolchains/0b393f9e1b/opt/zephyr-sdk/arm-zephyr-eabi/bin/../lib/gcc/arm-zephyr-eabi/12.2.0/thumb/v8-m.main+fp/hard/crtbegin.o
                0x00000000000038ec                PROVIDE (__init_array_end = .)
                0x00000000000038ec                . = ALIGN (0x4)
                [!provide]                        PROVIDE (__fini_array_start = .)
 *(SORT_BY_NAME(.fini_array.*))
 *(.fini_array)
 .fini_array    0x00000000000038ec        0x4 c:/ncs/toolchains/0b393f9e1b/opt/zephyr-sdk/arm-zephyr-eabi/bin/../lib/gcc/arm-zephyr-eabi/12.2.0/thumb/v8-m.main+fp/hard/crtbegin.o
                [!provide]                        PROVIDE (__fini_array_end = .)
                0x00000000000038f0                . = ALIGN (0x4)
                0x00000000000038f0                __copy_table_start__ = .
                0x00000000000038f0        0x4 LONG 0x17c88 LOADADDR (.TFM_DATA)
                0x00000000000038f4        0x4 LONG 0x2000ac00 ADDR (.TFM_DATA)
                0x00000000000038f8        0x4 LONG 0x4f (SIZEOF (.TFM_DATA) / 0x4)
                0x00000000000038fc        0x4 LONG 0x17c50 LOADADDR (.TFM_PSA_ROT_LINKER_DATA)
                0x0000000000003900        0x4 LONG 0x20001d40 ADDR (.TFM_PSA_ROT_LINKER_DATA)
                0x0000000000003904        0x4 LONG 0xe (SIZEOF (.TFM_PSA_ROT_LINKER_DATA) / 0x4)
                0x0000000000003908        0x4 LONG 0x17c40 LOADADDR (.TFM_APP_ROT_LINKER_DATA)
                0x000000000000390c        0x4 LONG 0x20000c20 ADDR (.TFM_APP_ROT_LINKER_DATA)
                0x0000000000003910        0x4 LONG 0x4 (SIZEOF (.TFM_APP_ROT_LINKER_DATA) / 0x4)
                0x0000000000003914                __copy_table_end__ = .
                0x0000000000003914                . = ALIGN (0x4)
                0x0000000000003914                __zero_table_start__ = .
                0x0000000000003914        0x4 LONG 0x2000ad3c ADDR (.TFM_BSS)
                0x0000000000003918        0x4 LONG 0x732 (SIZEOF (.TFM_BSS) / 0x4)
                0x000000000000391c        0x4 LONG 0x20001d78 ADDR (.TFM_PSA_ROT_LINKER_BSS)
                0x0000000000003920        0x4 LONG 0x23a2 (SIZEOF (.TFM_PSA_ROT_LINKER_BSS) / 0x4)
                0x0000000000003924        0x4 LONG 0x20000c30 ADDR (.TFM_APP_ROT_LINKER_BSS)
                0x0000000000003928        0x4 LONG 0x444 (SIZEOF (.TFM_APP_ROT_LINKER_BSS) / 0x4)
                0x000000000000392c        0x4 LONG 0x20000c00 ADDR (.TFM_SP_META_PTR)
                0x0000000000003930        0x4 LONG 0x8 (SIZEOF (.TFM_SP_META_PTR) / 0x4)
                0x0000000000003934                __zero_table_end__ = .
 *startup*(.text*)
 .text.default_irq_handler
                0x0000000000003934        0x4 secure_fw/CMakeFiles/tfm_s.dir/__/platform/ext/target/nordic_nrf/common/core/startup.o
                0x0000000000003934                default_irq_handler
 .text.Reset_Handler
                0x0000000000003938       0xa4 secure_fw/CMakeFiles/tfm_s.dir/__/platform/ext/target/nordic_nrf/common/core/startup.o
                0x0000000000003938                Reset_Handler
 .text.default_tfm_IRQHandler
                0x00000000000039dc       0x1c secure_fw/CMakeFiles/tfm_s.dir/__/platform/ext/target/nordic_nrf/common/core/startup_nrf91.o
                0x00000000000039dc                TIMER2_IRQHandler
                0x00000000000039dc                DebugMon_Handler
                0x00000000000039dc                RTC0_IRQHandler
                0x00000000000039dc                SysTick_Handler
                0x00000000000039dc                PWM1_IRQHandler
                0x00000000000039dc                NMI_Handler
                0x00000000000039dc                PDM_IRQHandler
                0x00000000000039dc                default_tfm_IRQHandler
                0x00000000000039dc                IPC_IRQHandler
                0x00000000000039dc                PWM3_IRQHandler
                0x00000000000039dc                FPU_IRQHandler
                0x00000000000039dc                EGU3_IRQHandler
                0x00000000000039dc                KMU_IRQHandler
                0x00000000000039dc                CRYPTOCELL_IRQHandler
                0x00000000000039dc                I2S_IRQHandler
                0x00000000000039dc                EGU2_IRQHandler
                0x00000000000039dc                TIMER0_IRQHandler
                0x00000000000039dc                EGU4_IRQHandler
                0x00000000000039dc                EGU0_IRQHandler
                0x00000000000039dc                GPIOTE1_IRQHandler
                0x00000000000039dc                TIMER1_IRQHandler
                0x00000000000039dc                PWM2_IRQHandler
                0x00000000000039dc                EGU1_IRQHandler
                0x00000000000039dc                EGU5_IRQHandler
                0x00000000000039dc                UARTE3_SPIM3_SPIS3_TWIM3_TWIS3_IRQHandler
                0x00000000000039dc                SAADC_IRQHandler
                0x00000000000039dc                GPIOTE0_IRQHandler
                0x00000000000039dc                WDT_IRQHandler
                0x00000000000039dc                SPIM0_SPIS0_TWIM0_TWIS0_UARTE0_IRQHandler
                0x00000000000039dc                SPIM2_SPIS2_TWIM2_TWIS2_UARTE2_IRQHandler
                0x00000000000039dc                PWM0_IRQHandler
                0x00000000000039dc                RTC1_IRQHandler
                0x00000000000039dc                SPIM1_SPIS1_TWIM1_TWIS1_UARTE1_IRQHandler
                0x00000000000039dc                CLOCK_POWER_IRQHandler
 *libplatform_s*:(SORT_BY_ALIGNMENT(.text*))
 .text.uicr_HFXOCNT_erased
                0x00000000000039f8       0x40 platform/libplatform_s.a(system_nrf91.o)
 .text.uicr_HFXOSRC_erased
                0x0000000000003a38       0x3c platform/libplatform_s.a(system_nrf91.o)
 .text.SystemInit
                0x0000000000003a74      0x1e0 platform/libplatform_s.a(system_nrf91.o)
                0x0000000000003a74                SystemInit
 .text.tfm_exception_info_get_context
                0x0000000000003c54        0xc platform/libplatform_s.a(exception_info.o)
                0x0000000000003c54                tfm_exception_info_get_context
 .text.store_and_dump_context
                0x0000000000003c60      0x11c platform/libplatform_s.a(exception_info.o)
                0x0000000000003c60                store_and_dump_context
 .text.stdio_output_string
                0x0000000000003d7c       0x40 platform/libplatform_s.a(uart_stdout.o)
                0x0000000000003d7c                stdio_output_string
 .text.stdio_init
                0x0000000000003dbc       0x30 platform/libplatform_s.a(uart_stdout.o)
                0x0000000000003dbc                stdio_init
 .text.stdio_uninit
                0x0000000000003dec       0x20 platform/libplatform_s.a(uart_stdout.o)
                0x0000000000003dec                stdio_uninit
 .text.ARM_USART_GetVersion
                0x0000000000003e0c       0x20 platform/libplatform_s.a(Driver_USART.o)
 .text.ARM_USART1_GetTxCount
                0x0000000000003e2c        0xc platform/libplatform_s.a(Driver_USART.o)
 .text.ARM_USART1_GetRxCount
                0x0000000000003e38        0xc platform/libplatform_s.a(Driver_USART.o)
 .text.ARM_USART1_Receive
                0x0000000000003e44       0x3c platform/libplatform_s.a(Driver_USART.o)
 .text.ARM_USARTx_Send.constprop.0
                0x0000000000003e80       0x78 platform/libplatform_s.a(Driver_USART.o)
 .text.ARM_USART1_Control
                0x0000000000003ef8      0x178 platform/libplatform_s.a(Driver_USART.o)
 .text.ARM_USART1_Uninitialize
                0x0000000000004070       0x4c platform/libplatform_s.a(Driver_USART.o)
 .text.ARM_USART1_Initialize
                0x00000000000040bc       0xa4 platform/libplatform_s.a(Driver_USART.o)
 .text.on_rx_disabled
                0x0000000000004160       0x64 platform/libplatform_s.a(nrfx_uarte.o)
 .text.nrf_gpio_cfg_input.constprop.0
                0x00000000000041c4       0x30 platform/libplatform_s.a(nrfx_uarte.o)
 .text.blocking_tx
                0x00000000000041f4      0x1b8 platform/libplatform_s.a(nrfx_uarte.o)
 .text.nrf_gpio_pin_set
                0x00000000000043ac       0x18 platform/libplatform_s.a(nrfx_uarte.o)
 .text.nrf_gpio_cfg_output
                0x00000000000043c4       0x34 platform/libplatform_s.a(nrfx_uarte.o)
 .text.uarte_configure
                0x00000000000043f8      0x178 platform/libplatform_s.a(nrfx_uarte.o)
 .text.nrf_gpio_cfg_default
                0x0000000000004570       0x34 platform/libplatform_s.a(nrfx_uarte.o)
 .text.nrfx_uarte_init
                0x00000000000045a4      0x16c platform/libplatform_s.a(nrfx_uarte.o)
                0x00000000000045a4                nrfx_uarte_init
 .text.nrfx_uarte_tx
                0x0000000000004710       0xd8 platform/libplatform_s.a(nrfx_uarte.o)
                0x0000000000004710                nrfx_uarte_tx
 .text.nrfx_uarte_tx_abort
                0x00000000000047e8       0xb8 platform/libplatform_s.a(nrfx_uarte.o)
                0x00000000000047e8                nrfx_uarte_tx_abort
 .text.nrfx_uarte_rx_enable
                0x00000000000048a0      0x14c platform/libplatform_s.a(nrfx_uarte.o)
                0x00000000000048a0                nrfx_uarte_rx_enable
 .text.nrfx_uarte_rx_buffer_set
                0x00000000000049ec      0x190 platform/libplatform_s.a(nrfx_uarte.o)
                0x00000000000049ec                nrfx_uarte_rx_buffer_set
 .text.nrfx_uarte_rx_abort
                0x0000000000004b7c      0x150 platform/libplatform_s.a(nrfx_uarte.o)
                0x0000000000004b7c                nrfx_uarte_rx_abort
 .text.nrfx_uarte_uninit
                0x0000000000004ccc       0xd0 platform/libplatform_s.a(nrfx_uarte.o)
                0x0000000000004ccc                nrfx_uarte_uninit
 .text.nrfx_uarte_rx_ready
                0x0000000000004d9c       0x54 platform/libplatform_s.a(nrfx_uarte.o)
                0x0000000000004d9c                nrfx_uarte_rx_ready
 .text.nrfx_uarte_rx
                0x0000000000004df0       0x84 platform/libplatform_s.a(nrfx_uarte.o)
                0x0000000000004df0                nrfx_uarte_rx
 .text.nrfx_critical_section_enter
                0x0000000000004e74       0x10 platform/libplatform_s.a(nrfx_glue.o)
                0x0000000000004e74                nrfx_critical_section_enter
 .text.nrfx_critical_section_exit
                0x0000000000004e84       0x14 platform/libplatform_s.a(nrfx_glue.o)
                0x0000000000004e84                nrfx_critical_section_exit
 .text.spu_enable_interrupts
                0x0000000000004e98       0x10 platform/libplatform_s.a(spu.o)
                0x0000000000004e98                spu_enable_interrupts
 .text.spu_events_get
                0x0000000000004ea8       0x28 platform/libplatform_s.a(spu.o)
                0x0000000000004ea8                spu_events_get
 .text.spu_clear_events
                0x0000000000004ed0       0x24 platform/libplatform_s.a(spu.o)
                0x0000000000004ed0                spu_clear_events
 .text.spu_regions_reset_unlocked_secure
                0x0000000000004ef4       0x30 platform/libplatform_s.a(spu.o)
                0x0000000000004ef4                spu_regions_reset_unlocked_secure
 .text.spu_regions_flash_config
                0x0000000000004f24       0x2c platform/libplatform_s.a(spu.o)
                0x0000000000004f24                spu_regions_flash_config
 .text.spu_regions_sram_config
                0x0000000000004f50       0x34 platform/libplatform_s.a(spu.o)
                0x0000000000004f50                spu_regions_sram_config
 .text.spu_regions_flash_config_non_secure_callable
                0x0000000000004f84       0x30 platform/libplatform_s.a(spu.o)
                0x0000000000004f84                spu_regions_flash_config_non_secure_callable
 .text.spu_regions_sram_get_last_address_in_region
                0x0000000000004fb4        0xc platform/libplatform_s.a(spu.o)
                0x0000000000004fb4                spu_regions_sram_get_last_address_in_region
 .text.spu_peripheral_config_secure
                0x0000000000004fc0       0x1c platform/libplatform_s.a(spu.o)
                0x0000000000004fc0                spu_peripheral_config_secure
 .text.spu_peripheral_config_non_secure
                0x0000000000004fdc       0x18 platform/libplatform_s.a(spu.o)
                0x0000000000004fdc                spu_peripheral_config_non_secure
 .text.ARM_Flash_GetInfo
                0x0000000000004ff4        0x8 platform/libplatform_s.a(Driver_Flash.o)
 .text.ARM_Flash_EraseSector
                0x0000000000004ffc       0x18 platform/libplatform_s.a(Driver_Flash.o)
 .text.nvmc_readonly_mode_set
                0x0000000000005014       0x14 platform/libplatform_s.a(nrfx_nvmc.o)
 .text.nvmc_word_write
                0x0000000000005028       0x18 platform/libplatform_s.a(nrfx_nvmc.o)
 .text.nrfx_nvmc_page_erase
                0x0000000000005040       0x3c platform/libplatform_s.a(nrfx_nvmc.o)
                0x0000000000005040                nrfx_nvmc_page_erase
 .text.nrfx_nvmc_words_write
                0x000000000000507c       0x38 platform/libplatform_s.a(nrfx_nvmc.o)
                0x000000000000507c                nrfx_nvmc_words_write
 .text.mpu_armv8m_enable
                0x00000000000050b4       0x34 platform/libplatform_s.a(mpu_armv8m_drv.o)
                0x00000000000050b4                mpu_armv8m_enable
 .text.nrf_exception_info_store_context
                0x00000000000050e8       0x20 platform/libplatform_s.a(nrf_exception_info.o)
                0x00000000000050e8                nrf_exception_info_store_context
 .text.nrf_exception_info_get_context
                0x0000000000005108        0xc platform/libplatform_s.a(nrf_exception_info.o)
                0x0000000000005108                nrf_exception_info_get_context
 .text.tfm_hal_its_aead_generate_nonce
                0x0000000000005114       0x54 platform/libplatform_s.a(tfm_hal_its_encryption.o)
                0x0000000000005114                tfm_hal_its_aead_generate_nonce
 .text.tfm_hal_platform_init
                0x0000000000005168       0x68 platform/libplatform_s.a(tfm_hal_platform.o)
                0x0000000000005168                tfm_hal_platform_init
 .text.tfm_hal_system_reset
                0x00000000000051d0       0x28 platform/libplatform_s.a(tfm_hal_reset_halt.o)
                0x00000000000051d0                tfm_hal_system_reset
 .text.hw_unique_key_write_random
                0x00000000000051f8      0x114 platform/libplatform_s.a(hw_unique_key_cc3xx.o)
                0x00000000000051f8                hw_unique_key_write_random
 .text.hw_unique_key_derive_key
                0x000000000000530c       0x4c platform/libplatform_s.a(hw_unique_key_cc3xx.o)
                0x000000000000530c                hw_unique_key_derive_key
 .text.hw_unique_key_write
                0x0000000000005358       0x2c platform/libplatform_s.a(hw_unique_key_cc3xx_kmu.o)
                0x0000000000005358                hw_unique_key_write
 .text.hw_unique_key_is_written
                0x0000000000005384       0x74 platform/libplatform_s.a(hw_unique_key_cc3xx_kmu.o)
                0x0000000000005384                hw_unique_key_is_written
 .text.ns_fault_service_set_handler
                0x00000000000053f8       0x14 platform/libplatform_s.a(ns_fault_service.o)
                0x00000000000053f8                ns_fault_service_set_handler
 .text.call_ns_callback
                0x000000000000540c       0xe8 platform/libplatform_s.a(ns_fault_service.o)
                0x000000000000540c                call_ns_callback
 .text.ns_fault_service_call_handler
                0x00000000000054f4       0x34 platform/libplatform_s.a(ns_fault_service.o)
                0x00000000000054f4                ns_fault_service_call_handler
 .text.tfm_platform_hal_system_reset
                0x0000000000005528       0x24 platform/libplatform_s.a(tfm_platform_system.o)
                0x0000000000005528                tfm_platform_hal_system_reset
 .text.tfm_platform_hal_ioctl
                0x000000000000554c      0x110 platform/libplatform_s.a(tfm_platform_system.o)
                0x000000000000554c                tfm_platform_hal_ioctl
 .text.erase_flash_region
                0x000000000000565c       0x3c platform/libplatform_s.a(flash_otp_nv_counters_backend.o)
 .text.copy_flash_region
                0x0000000000005698       0x78 platform/libplatform_s.a(flash_otp_nv_counters_backend.o)
 .text.read_otp_nv_counters_flash
                0x0000000000005710       0x7c platform/libplatform_s.a(flash_otp_nv_counters_backend.o)
                0x0000000000005710                read_otp_nv_counters_flash
 .text.write_otp_nv_counters_flash
                0x000000000000578c      0x1ac platform/libplatform_s.a(flash_otp_nv_counters_backend.o)
                0x000000000000578c                write_otp_nv_counters_flash
 .text.init_otp_nv_counters_flash
                0x0000000000005938      0x154 platform/libplatform_s.a(flash_otp_nv_counters_backend.o)
                0x0000000000005938                init_otp_nv_counters_flash
 .text.tfm_plat_otp_get_size
                0x0000000000005a8c       0x34 platform/libplatform_s.a(otp_flash.o)
                0x0000000000005a8c                tfm_plat_otp_get_size
 .text.tfm_platform_hal_read_service
                0x0000000000005ac0       0xc0 platform/libplatform_s.a(tfm_platform_hal_ioctl.o)
                0x0000000000005ac0                tfm_platform_hal_read_service
 .text.nrf91_errata_6
                0x0000000000005b80       0x1e platform/libplatform_s.a(system_nrf91.o)
 .text.nrf91_errata_14
                0x0000000000005b9e       0x24 platform/libplatform_s.a(system_nrf91.o)
 .text.tfm_hal_output_spm_log
                0x0000000000005bc2        0x4 platform/libplatform_s.a(tfm_hal_spm_logdev_peripheral.o)
                0x0000000000005bc2                tfm_hal_output_spm_log
 .text.ARM_USART_GetCapabilities
                0x0000000000005bc6        0x4 platform/libplatform_s.a(Driver_USART.o)
 .text.ARM_USART_Transfer
                0x0000000000005bca        0x6 platform/libplatform_s.a(Driver_USART.o)
 .text.ARM_USART_GetStatus
                0x0000000000005bd0        0xc platform/libplatform_s.a(Driver_USART.o)
 .text.ARM_USART_SetModemControl
                0x0000000000005bdc        0x6 platform/libplatform_s.a(Driver_USART.o)
 .text.ARM_USART_GetModemStatus
                0x0000000000005be2        0xc platform/libplatform_s.a(Driver_USART.o)
 .text.ARM_USART1_PowerControl
                0x0000000000005bee        0xc platform/libplatform_s.a(Driver_USART.o)
 .text.ARM_USART1_Send
                0x0000000000005bfa        0x4 platform/libplatform_s.a(Driver_USART.o)
 .text.uart_config_set_uart_pins
                0x0000000000005bfe       0x3c platform/libplatform_s.a(Driver_USART.o)
                0x0000000000005bfe                uart_config_set_uart_pins
 .text.is_tx_ready
                0x0000000000005c3a       0x1a platform/libplatform_s.a(nrfx_uarte.o)
 .text.user_handler
                0x0000000000005c54       0x22 platform/libplatform_s.a(nrfx_uarte.o)
 .text.user_handler_on_rx_done
                0x0000000000005c76       0x28 platform/libplatform_s.a(nrfx_uarte.o)
 .text.disable_hw_from_rx
                0x0000000000005c9e       0x24 platform/libplatform_s.a(nrfx_uarte.o)
 .text.disable_hw_from_tx
                0x0000000000005cc2       0x16 platform/libplatform_s.a(nrfx_uarte.o)
 .text.tx_prepare_start.isra.0
                0x0000000000005cd8       0x7e platform/libplatform_s.a(nrfx_uarte.o)
 .text.spu_regions_flash_get_base_address_in_region
                0x0000000000005d56        0x4 platform/libplatform_s.a(spu.o)
                0x0000000000005d56                spu_regions_flash_get_base_address_in_region
 .text.spu_regions_flash_get_last_address_in_region
                0x0000000000005d5a        0xa platform/libplatform_s.a(spu.o)
                0x0000000000005d5a                spu_regions_flash_get_last_address_in_region
 .text.spu_regions_flash_get_start_id
                0x0000000000005d64        0x4 platform/libplatform_s.a(spu.o)
                0x0000000000005d64                spu_regions_flash_get_start_id
 .text.spu_regions_flash_get_last_id
                0x0000000000005d68        0x4 platform/libplatform_s.a(spu.o)
                0x0000000000005d68                spu_regions_flash_get_last_id
 .text.spu_regions_flash_get_region_size
                0x0000000000005d6c        0x6 platform/libplatform_s.a(spu.o)
                0x0000000000005d6c                spu_regions_flash_get_region_size
 .text.spu_regions_sram_get_base_address_in_region
                0x0000000000005d72        0xa platform/libplatform_s.a(spu.o)
                0x0000000000005d72                spu_regions_sram_get_base_address_in_region
 .text.spu_regions_sram_get_start_id
                0x0000000000005d7c        0x4 platform/libplatform_s.a(spu.o)
                0x0000000000005d7c                spu_regions_sram_get_start_id
 .text.spu_regions_sram_get_last_id
                0x0000000000005d80        0x4 platform/libplatform_s.a(spu.o)
                0x0000000000005d80                spu_regions_sram_get_last_id
 .text.spu_regions_sram_get_region_size
                0x0000000000005d84        0x6 platform/libplatform_s.a(spu.o)
                0x0000000000005d84                spu_regions_sram_get_region_size
 .text.ARM_Flash_GetCapabilities
                0x0000000000005d8a        0x4 platform/libplatform_s.a(Driver_Flash.o)
 .text.ARM_Flash_Initialize
                0x0000000000005d8e        0x4 platform/libplatform_s.a(Driver_Flash.o)
 .text.ARM_Flash_Unitialize
                0x0000000000005d92        0x4 platform/libplatform_s.a(Driver_Flash.o)
 .text.ARM_Flash_ProgramData
                0x0000000000005d96       0x28 platform/libplatform_s.a(Driver_Flash.o)
 .text.ARM_Flash_ReadData
                0x0000000000005dbe       0x2c platform/libplatform_s.a(Driver_Flash.o)
 .text.mpu_armv8m_region_enable
                0x0000000000005dea       0x6a platform/libplatform_s.a(mpu_armv8m_drv.o)
                0x0000000000005dea                mpu_armv8m_region_enable
 .text.mpu_armv8m_region_disable
                0x0000000000005e54       0x14 platform/libplatform_s.a(mpu_armv8m_drv.o)
                0x0000000000005e54                mpu_armv8m_region_disable
 .text.mpu_armv8m_clean
                0x0000000000005e68       0x22 platform/libplatform_s.a(mpu_armv8m_drv.o)
                0x0000000000005e68                mpu_armv8m_clean
 .text.ctx_is_valid
                0x0000000000005e8a       0x2c platform/libplatform_s.a(tfm_hal_its_encryption.o)
 .text.tfm_hal_its_aead_init
                0x0000000000005eb6       0x5a platform/libplatform_s.a(tfm_hal_its_encryption.o)
 .text.tfm_hal_its_aead_cleanup.part.0
                0x0000000000005f10        0x8 platform/libplatform_s.a(tfm_hal_its_encryption.o)
 .text.tfm_hal_its_aead_encrypt
                0x0000000000005f18       0x74 platform/libplatform_s.a(tfm_hal_its_encryption.o)
                0x0000000000005f18                tfm_hal_its_aead_encrypt
 .text.tfm_hal_its_aead_decrypt
                0x0000000000005f8c       0x68 platform/libplatform_s.a(tfm_hal_its_encryption.o)
                0x0000000000005f8c                tfm_hal_its_aead_decrypt
 .text.tfm_plat_provisioning_is_required
                0x0000000000005ff4        0x4 platform/libplatform_s.a(dummy_provisioning.o)
                0x0000000000005ff4                tfm_plat_provisioning_is_required
 .text.tfm_plat_provisioning_perform
                0x0000000000005ff8        0x4 platform/libplatform_s.a(dummy_provisioning.o)
                0x0000000000005ff8                tfm_plat_provisioning_perform
 .text.tfm_plat_provisioning_check_for_dummy_keys
                0x0000000000005ffc        0x2 platform/libplatform_s.a(dummy_provisioning.o)
                0x0000000000005ffc                tfm_plat_provisioning_check_for_dummy_keys
 .text.hw_unique_key_are_any_written
                0x0000000000005ffe       0x16 platform/libplatform_s.a(hw_unique_key_cc3xx.o)
                0x0000000000005ffe                hw_unique_key_are_any_written
 .text.nrfx_nvmc_uicr_word_read
                0x0000000000006014       0x1c platform/libplatform_s.a(hw_unique_key_cc3xx_kmu.o)
 .text.tfm_hal_ps_fs_info
                0x0000000000006030       0x1c platform/libplatform_s.a(tfm_hal_ps.o)
                0x0000000000006030                tfm_hal_ps_fs_info
 .text.tfm_hal_its_fs_info
                0x000000000000604c       0x1c platform/libplatform_s.a(tfm_hal_its.o)
                0x000000000000604c                tfm_hal_its_fs_info
 .text.set_nv_counter_flash
                0x0000000000006068       0x3e platform/libplatform_s.a(nv_counters.o)
 .text.tfm_plat_init_nv_counter
                0x00000000000060a6        0x4 platform/libplatform_s.a(nv_counters.o)
                0x00000000000060a6                tfm_plat_init_nv_counter
 .text.tfm_plat_read_nv_counter
                0x00000000000060aa       0x38 platform/libplatform_s.a(nv_counters.o)
                0x00000000000060aa                tfm_plat_read_nv_counter
 .text.tfm_plat_set_nv_counter
                0x00000000000060e2       0x38 platform/libplatform_s.a(nv_counters.o)
                0x00000000000060e2                tfm_plat_set_nv_counter
 .text.tfm_plat_increment_nv_counter
                0x000000000000611a       0x26 platform/libplatform_s.a(nv_counters.o)
                0x000000000000611a                tfm_plat_increment_nv_counter
 .text.make_backup
                0x0000000000006140       0x26 platform/libplatform_s.a(flash_otp_nv_counters_backend.o)
 .text.tfm_plat_otp_init
                0x0000000000006166        0x4 platform/libplatform_s.a(otp_flash.o)
                0x0000000000006166                tfm_plat_otp_init
 .text.write_to_output
                0x000000000000616a       0x2c platform/libplatform_s.a(otp_flash.o)
 .text.tfm_plat_otp_read
                0x0000000000006196       0x9e platform/libplatform_s.a(otp_flash.o)
                0x0000000000006196                tfm_plat_otp_read
 .text.tfm_platform_hal_write32_service
                0x0000000000006234       0x2c platform/libplatform_s.a(tfm_platform_hal_ioctl.o)
                0x0000000000006234                tfm_platform_hal_write32_service
 *libtfm_spm*:(SORT_BY_ALIGNMENT(.text*))
 .text.spm_log_msgval
                0x0000000000006260       0x58 secure_fw/spm/libtfm_spm.a(spm_log.o)
                0x0000000000006260                spm_log_msgval
 .text.startup.main
                0x00000000000062b8       0x80 secure_fw/spm/libtfm_spm.a(main.o)
                0x00000000000062b8                main
 .text.SVC_Handler
                0x0000000000006338       0x68 secure_fw/spm/libtfm_spm.a(tfm_arch_v8m_main.o)
                0x0000000000006338                SVC_Handler
 .text.tfm_arch_set_secure_exception_priorities
                0x00000000000063a0       0x28 secure_fw/spm/libtfm_spm.a(tfm_arch_v8m_main.o)
                0x00000000000063a0                tfm_arch_set_secure_exception_priorities
 .text.tfm_arch_config_extensions
                0x00000000000063c8       0x4c secure_fw/spm/libtfm_spm.a(tfm_arch_v8m_main.o)
                0x00000000000063c8                tfm_arch_config_extensions
 .text.ns_agent_tz_main
                0x0000000000006414       0x60 secure_fw/spm/libtfm_spm.a(ns_agent_tz_v80m.o)
                0x0000000000006414                ns_agent_tz_main
 .text.tfm_hal_bind_boundary
                0x0000000000006474       0x78 secure_fw/spm/libtfm_spm.a(tfm_hal_isolation.o)
                0x0000000000006474                tfm_hal_bind_boundary
 .text.mpu_init_cfg
                0x00000000000064ec      0x11c secure_fw/spm/libtfm_spm.a(tfm_hal_isolation.o)
                0x00000000000064ec                mpu_init_cfg
 .text.SPU_Handler
                0x0000000000006608       0x3c secure_fw/spm/libtfm_spm.a(faults.o)
                0x0000000000006608                SPU_Handler
 .text.enable_fault_handlers
                0x0000000000006644       0x14 secure_fw/spm/libtfm_spm.a(target_cfg.o)
                0x0000000000006644                enable_fault_handlers
 .text.system_reset_cfg
                0x0000000000006658       0x18 secure_fw/spm/libtfm_spm.a(target_cfg.o)
                0x0000000000006658                system_reset_cfg
 .text.nvic_interrupt_target_state_cfg
                0x0000000000006670       0x40 secure_fw/spm/libtfm_spm.a(target_cfg.o)
                0x0000000000006670                nvic_interrupt_target_state_cfg
 .text.nvic_interrupt_enable
                0x00000000000066b0       0x18 secure_fw/spm/libtfm_spm.a(target_cfg.o)
                0x00000000000066b0                nvic_interrupt_enable
 .text.sau_and_idau_cfg
                0x00000000000066c8       0x20 secure_fw/spm/libtfm_spm.a(target_cfg.o)
                0x00000000000066c8                sau_and_idau_cfg
 .text.spu_init_cfg
                0x00000000000066e8       0x68 secure_fw/spm/libtfm_spm.a(target_cfg.o)
                0x00000000000066e8                spu_init_cfg
 .text.spu_periph_init_cfg
                0x0000000000006750       0x4c secure_fw/spm/libtfm_spm.a(target_cfg.o)
                0x0000000000006750                spu_periph_init_cfg
 .text.tfm_core_validate_boot_data
                0x000000000000679c        0xc secure_fw/spm/libtfm_spm.a(tfm_boot_data.o)
                0x000000000000679c                tfm_core_validate_boot_data
 .text.tfm_core_get_boot_data_handler
                0x00000000000067a8       0x38 secure_fw/spm/libtfm_spm.a(tfm_boot_data.o)
                0x00000000000067a8                tfm_core_get_boot_data_handler
 .text.tfm_spm_get_service_by_sid
                0x00000000000067e0       0x2c secure_fw/spm/libtfm_spm.a(spm_ipc.o)
                0x00000000000067e0                tfm_spm_get_service_by_sid
 .text.tfm_spm_check_authorization
                0x000000000000680c       0x48 secure_fw/spm/libtfm_spm.a(spm_ipc.o)
                0x000000000000680c                tfm_spm_check_authorization
 .text.spm_init_idle_connection
                0x0000000000006854       0x34 secure_fw/spm/libtfm_spm.a(spm_ipc.o)
                0x0000000000006854                spm_init_idle_connection
 .text.tfm_spm_partition_get_running_partition_id
                0x0000000000006888       0x1c secure_fw/spm/libtfm_spm.a(spm_ipc.o)
                0x0000000000006888                tfm_spm_partition_get_running_partition_id
 .text.tfm_spm_is_ns_caller
                0x00000000000068a4       0x28 secure_fw/spm/libtfm_spm.a(spm_ipc.o)
                0x00000000000068a4                tfm_spm_is_ns_caller
 .text.spm_get_idle_connection
                0x00000000000068cc       0x78 secure_fw/spm/libtfm_spm.a(spm_ipc.o)
                0x00000000000068cc                spm_get_idle_connection
 .text.tfm_spm_init
                0x0000000000006944       0x68 secure_fw/spm/libtfm_spm.a(spm_ipc.o)
                0x0000000000006944                tfm_spm_init
 .text.load_a_partition_assuredly
                0x00000000000069ac      0x10c secure_fw/spm/libtfm_spm.a(rom_loader.o)
                0x00000000000069ac                load_a_partition_assuredly
 .text.load_services_assuredly
                0x0000000000006ab8       0xc4 secure_fw/spm/libtfm_spm.a(rom_loader.o)
                0x0000000000006ab8                load_services_assuredly
 .text.partition_init
                0x0000000000006b7c       0x1c secure_fw/spm/libtfm_spm.a(backend_ipc.o)
 .text.ns_agent_tz_init
                0x0000000000006b98       0x2c secure_fw/spm/libtfm_spm.a(backend_ipc.o)
 .text.backend_init_comp_assuredly
                0x0000000000006bc4       0xb4 secure_fw/spm/libtfm_spm.a(backend_ipc.o)
                0x0000000000006bc4                backend_init_comp_assuredly
 .text.backend_system_run
                0x0000000000006c78       0x30 secure_fw/spm/libtfm_spm.a(backend_ipc.o)
                0x0000000000006c78                backend_system_run
 .text.backend_abi_entering_spm
                0x0000000000006ca8       0x44 secure_fw/spm/libtfm_spm.a(backend_ipc.o)
                0x0000000000006ca8                backend_abi_entering_spm
 .text.ipc_schedule
                0x0000000000006cec       0x98 secure_fw/spm/libtfm_spm.a(backend_ipc.o)
                0x0000000000006cec                ipc_schedule
 .text.spm_svc_handler
                0x0000000000006d84       0xb8 secure_fw/spm/libtfm_spm.a(tfm_svcalls.o)
                0x0000000000006d84                spm_svc_handler
 .text.thrd_set_query_callback
                0x0000000000006e3c        0xc secure_fw/spm/libtfm_spm.a(thread.o)
                0x0000000000006e3c                thrd_set_query_callback
 .text.thrd_next
                0x0000000000006e48       0x4c secure_fw/spm/libtfm_spm.a(thread.o)
                0x0000000000006e48                thrd_next
 .text.thrd_set_state
                0x0000000000006e94       0x28 secure_fw/spm/libtfm_spm.a(thread.o)
                0x0000000000006e94                thrd_set_state
 .text.thrd_start
                0x0000000000006ebc       0x44 secure_fw/spm/libtfm_spm.a(thread.o)
                0x0000000000006ebc                thrd_start
 .text.tz_ns_agent_register_client_id_range
                0x0000000000006f00        0xc secure_fw/spm/libtfm_spm.a(tfm_spm_ns_ctx.o)
                0x0000000000006f00                tz_ns_agent_register_client_id_range
 .text.tfm_nspm_get_current_client_id
                0x0000000000006f0c       0x14 secure_fw/spm/libtfm_spm.a(tfm_spm_ns_ctx.o)
                0x0000000000006f0c                tfm_nspm_get_current_client_id
 .text.tfm_nspm_ctx_init
                0x0000000000006f20       0x18 secure_fw/spm/libtfm_spm.a(tfm_spm_ns_ctx.o)
                0x0000000000006f20                tfm_nspm_ctx_init
 .text.connection_to_handle
                0x0000000000006f38       0x20 secure_fw/spm/libtfm_spm.a(spm_connection_pool.o)
                0x0000000000006f38                connection_to_handle
 .text.handle_to_connection
                0x0000000000006f58       0x10 secure_fw/spm/libtfm_spm.a(spm_connection_pool.o)
                0x0000000000006f58                handle_to_connection
 .text.spm_init_connection_space
                0x0000000000006f68       0x20 secure_fw/spm/libtfm_spm.a(spm_connection_pool.o)
                0x0000000000006f68                spm_init_connection_space
 .text.spm_allocate_connection
                0x0000000000006f88        0xc secure_fw/spm/libtfm_spm.a(spm_connection_pool.o)
                0x0000000000006f88                spm_allocate_connection
 .text.spm_validate_connection
                0x0000000000006f94       0x1c secure_fw/spm/libtfm_spm.a(spm_connection_pool.o)
                0x0000000000006f94                spm_validate_connection
 .text.spm_free_connection
                0x0000000000006fb0       0x1c secure_fw/spm/libtfm_spm.a(spm_connection_pool.o)
                0x0000000000006fb0                spm_free_connection
 .text.tfm_hal_get_ns_VTOR
                0x0000000000006fcc        0xc secure_fw/spm/libtfm_spm.a(tfm_hal_platform_common.o)
                0x0000000000006fcc                tfm_hal_get_ns_VTOR
 .text.tfm_hal_get_ns_MSP
                0x0000000000006fd8        0xc secure_fw/spm/libtfm_spm.a(tfm_hal_platform_common.o)
                0x0000000000006fd8                tfm_hal_get_ns_MSP
 .text.tfm_hal_get_ns_entry_point
                0x0000000000006fe4        0xc secure_fw/spm/libtfm_spm.a(tfm_hal_platform_common.o)
                0x0000000000006fe4                tfm_hal_get_ns_entry_point
 .text.arch_acquire_sched_lock
                0x0000000000006ff0       0x10 secure_fw/spm/libtfm_spm.a(tfm_arch.o)
                0x0000000000006ff0                arch_acquire_sched_lock
 .text.arch_release_sched_lock
                0x0000000000007000       0x14 secure_fw/spm/libtfm_spm.a(tfm_arch.o)
                0x0000000000007000                arch_release_sched_lock
 .text.arch_attempt_schedule
                0x0000000000007014       0x2c secure_fw/spm/libtfm_spm.a(tfm_arch.o)
                0x0000000000007014                arch_attempt_schedule
 .text.tfm_arch_init_context
                0x0000000000007040       0x5c secure_fw/spm/libtfm_spm.a(tfm_arch.o)
                0x0000000000007040                tfm_arch_init_context
 .text.tfm_spm_partition_psa_wait
                0x000000000000709c       0x3c secure_fw/spm/libtfm_spm.a(psa_api.o)
                0x000000000000709c                tfm_spm_partition_psa_wait
 .text.tfm_spm_partition_psa_get
                0x00000000000070d8       0xb0 secure_fw/spm/libtfm_spm.a(psa_api.o)
                0x00000000000070d8                tfm_spm_partition_psa_get
 .text.tfm_pool_alloc
                0x0000000000007188       0x20 secure_fw/spm/libtfm_spm.a(tfm_pools.o)
                0x0000000000007188                tfm_pool_alloc
 .text.is_valid_chunk_data_in_pool
                0x00000000000071a8       0x38 secure_fw/spm/libtfm_spm.a(tfm_pools.o)
                0x00000000000071a8                is_valid_chunk_data_in_pool
 .text.spm_associate_call_params
                0x00000000000071e0      0x18c secure_fw/spm/libtfm_spm.a(psa_call_api.o)
                0x00000000000071e0                spm_associate_call_params
 .text.tfm_spm_partition_psa_read
                0x000000000000736c       0x74 secure_fw/spm/libtfm_spm.a(psa_read_write_skip_api.o)
                0x000000000000736c                tfm_spm_partition_psa_read
 .text.tfm_spm_partition_psa_write
                0x00000000000073e0       0x78 secure_fw/spm/libtfm_spm.a(psa_read_write_skip_api.o)
                0x00000000000073e0                tfm_spm_partition_psa_write
 .text.tfm_core_panic
                0x0000000000007458        0x4 secure_fw/spm/libtfm_spm.a(utilities.o)
                0x0000000000007458                tfm_core_panic
 .text.tfm_arch_thread_fn_call
                0x000000000000745c       0x52 secure_fw/spm/libtfm_spm.a(tfm_arch_v8m_main.o)
                0x000000000000745c                tfm_arch_thread_fn_call
 .text.PendSV_Handler
                0x00000000000074ae       0x54 secure_fw/spm/libtfm_spm.a(tfm_arch_v8m_main.o)
                0x00000000000074ae                PendSV_Handler
 .text.tfm_arch_clear_fp_data
                0x0000000000007502       0x8a secure_fw/spm/libtfm_spm.a(tfm_arch_v8m_main.o)
                0x0000000000007502                tfm_arch_clear_fp_data
 .text.tfm_hal_activate_boundary
                0x000000000000758c       0x1c secure_fw/spm/libtfm_spm.a(tfm_hal_isolation.o)
                0x000000000000758c                tfm_hal_activate_boundary
 .text.tfm_hal_memory_check
                0x00000000000075a8      0x132 secure_fw/spm/libtfm_spm.a(tfm_hal_isolation.o)
                0x00000000000075a8                tfm_hal_memory_check
 .text.tfm_hal_set_up_static_boundaries
                0x00000000000076da       0x2a secure_fw/spm/libtfm_spm.a(tfm_hal_isolation.o)
                0x00000000000076da                tfm_hal_set_up_static_boundaries
 .text.tfm_hal_boundary_need_switch
                0x0000000000007704       0x1a secure_fw/spm/libtfm_spm.a(tfm_hal_isolation.o)
                0x0000000000007704                tfm_hal_boundary_need_switch
 .text.SPU_IRQHandler
                0x000000000000771e       0x1c secure_fw/spm/libtfm_spm.a(faults.o)
                0x000000000000771e                SPU_IRQHandler
 .text.init_debug
                0x000000000000773a        0x4 secure_fw/spm/libtfm_spm.a(target_cfg.o)
                0x000000000000773a                init_debug
 .text.spm_get_handle_by_signal
                0x000000000000773e       0x4a secure_fw/spm/libtfm_spm.a(spm_ipc.o)
                0x000000000000773e                spm_get_handle_by_signal
 .text.tfm_spm_check_client_version
                0x0000000000007788       0x24 secure_fw/spm/libtfm_spm.a(spm_ipc.o)
                0x0000000000007788                tfm_spm_check_client_version
 .text.spm_msg_handle_to_connection
                0x00000000000077ac       0x28 secure_fw/spm/libtfm_spm.a(spm_ipc.o)
                0x00000000000077ac                spm_msg_handle_to_connection
 .text.tfm_spm_get_client_id
                0x00000000000077d4       0x20 secure_fw/spm/libtfm_spm.a(spm_ipc.o)
                0x00000000000077d4                tfm_spm_get_client_id
 .text.update_caller_outvec_len
                0x00000000000077f4       0x1e secure_fw/spm/libtfm_spm.a(spm_ipc.o)
                0x00000000000077f4                update_caller_outvec_len
 .text.load_irqs_assuredly
                0x0000000000007812        0x2 secure_fw/spm/libtfm_spm.a(rom_loader.o)
                0x0000000000007812                load_irqs_assuredly
 .text.query_state
                0x0000000000007814       0x42 secure_fw/spm/libtfm_spm.a(backend_ipc.o)
 .text.backend_wait_signals
                0x0000000000007856       0x20 secure_fw/spm/libtfm_spm.a(backend_ipc.o)
                0x0000000000007856                backend_wait_signals
 .text.backend_assert_signal
                0x0000000000007876       0x2c secure_fw/spm/libtfm_spm.a(backend_ipc.o)
                0x0000000000007876                backend_assert_signal
 .text.backend_messaging
                0x00000000000078a2       0x40 secure_fw/spm/libtfm_spm.a(backend_ipc.o)
                0x00000000000078a2                backend_messaging
 .text.backend_replying
                0x00000000000078e2        0xa secure_fw/spm/libtfm_spm.a(backend_ipc.o)
                0x00000000000078e2                backend_replying
 .text.backend_abi_leaving_spm
                0x00000000000078ec       0x1e secure_fw/spm/libtfm_spm.a(backend_ipc.o)
                0x00000000000078ec                backend_abi_leaving_spm
 .text.thrd_start_scheduler
                0x000000000000790a       0x1c secure_fw/spm/libtfm_spm.a(thread.o)
                0x000000000000790a                thrd_start_scheduler
 .text.tfm_hal_platform_common_init
                0x0000000000007926       0x36 secure_fw/spm/libtfm_spm.a(tfm_hal_platform_common.o)
                0x0000000000007926                tfm_hal_platform_common_init
 .text.tfm_arch_free_msp_and_exc_ret
                0x000000000000795c        0xc secure_fw/spm/libtfm_spm.a(tfm_arch.o)
                0x000000000000795c                tfm_arch_free_msp_and_exc_ret
 .text.tfm_arch_set_context_ret_code
                0x0000000000007968        0x6 secure_fw/spm/libtfm_spm.a(tfm_arch.o)
                0x0000000000007968                tfm_arch_set_context_ret_code
 .text.tfm_arch_refresh_hardware_context
                0x000000000000796e       0x16 secure_fw/spm/libtfm_spm.a(tfm_arch.o)
                0x000000000000796e                tfm_arch_refresh_hardware_context
 .text.spm_handle_programmer_errors
                0x0000000000007984       0x18 secure_fw/spm/libtfm_spm.a(psa_api.o)
                0x0000000000007984                spm_handle_programmer_errors
 .text.tfm_spm_get_lifecycle_state
                0x000000000000799c       0x40 secure_fw/spm/libtfm_spm.a(psa_api.o)
                0x000000000000799c                tfm_spm_get_lifecycle_state
 .text.tfm_spm_partition_psa_reply
                0x00000000000079dc       0x9a secure_fw/spm/libtfm_spm.a(psa_api.o)
                0x00000000000079dc                tfm_spm_partition_psa_reply
 .text.tfm_spm_partition_psa_panic
                0x0000000000007a76        0xc secure_fw/spm/libtfm_spm.a(psa_api.o)
                0x0000000000007a76                tfm_spm_partition_psa_panic
 .text.tfm_pool_init
                0x0000000000007a82       0x5c secure_fw/spm/libtfm_spm.a(tfm_pools.o)
                0x0000000000007a82                tfm_pool_init
 .text.tfm_pool_free
                0x0000000000007ade       0x14 secure_fw/spm/libtfm_spm.a(tfm_pools.o)
                0x0000000000007ade                tfm_pool_free
 .text.tfm_spm_client_psa_call
                0x0000000000007af2       0x4e secure_fw/spm/libtfm_spm.a(psa_call_api.o)
                0x0000000000007af2                tfm_spm_client_psa_call
 .text.tfm_spm_client_psa_framework_version
                0x0000000000007b40        0x6 secure_fw/spm/libtfm_spm.a(psa_version_api.o)
                0x0000000000007b40                tfm_spm_client_psa_framework_version
 .text.tfm_spm_client_psa_version
                0x0000000000007b46       0x2c secure_fw/spm/libtfm_spm.a(psa_version_api.o)
                0x0000000000007b46                tfm_spm_client_psa_version
 .text.tfm_spm_partition_psa_skip
                0x0000000000007b72       0x3c secure_fw/spm/libtfm_spm.a(psa_read_write_skip_api.o)
                0x0000000000007b72                tfm_spm_partition_psa_skip
 *libplatform_s*:*(.rodata*)
 .rodata.CSWTCH.17
                0x0000000000007bae        0x3 platform/libplatform_s.a(system_nrf91.o)
 .rodata.store_and_dump_context.str1.1
                0x0000000000007bb1       0x8b platform/libplatform_s.a(exception_info.o)
 .rodata.Driver_USART1
                0x0000000000007c3c       0x38 platform/libplatform_s.a(Driver_USART.o)
                0x0000000000007c3c                Driver_USART1
 .rodata.UART1_pins
                0x0000000000007c74        0x8 platform/libplatform_s.a(Driver_USART.o)
 .rodata.DriverVersion
                0x0000000000007c7c        0x4 platform/libplatform_s.a(Driver_USART.o)
 *fill*         0x0000000000007c80        0x0 
 .rodata.delay_machine_code.0
                0x0000000000007c80        0x6 platform/libplatform_s.a(nrfx_uarte.o)
 *fill*         0x0000000000007c86        0x2 
 .rodata.Driver_FLASH0
                0x0000000000007c88       0x2c platform/libplatform_s.a(Driver_Flash.o)
                0x0000000000007c88                Driver_FLASH0
 .rodata.FlashInfo
                0x0000000000007cb4       0x18 platform/libplatform_s.a(Driver_Flash.o)
 .rodata.nrf_exception_info_store_context.str1.1
                0x0000000000007ccc       0x16 platform/libplatform_s.a(nrf_exception_info.o)
 .rodata.tfm_hal_platform_init.str1.1
                0x0000000000007ce2       0x6a platform/libplatform_s.a(tfm_hal_platform.o)
 .rodata.hw_unique_key_write_random.str1.1
                0x0000000000007d4c      0x137 platform/libplatform_s.a(hw_unique_key_cc3xx.o)
 .rodata.hw_unique_key_derive_key.str1.1
                0x0000000000007e83       0x46 platform/libplatform_s.a(hw_unique_key_cc3xx.o)
 .rodata.hw_unique_key_write.str1.1
                0x0000000000007ec9       0x34 platform/libplatform_s.a(hw_unique_key_cc3xx_kmu.o)
 *fill*         0x0000000000007efd        0x3 
 .rodata.fw_info_allowed_offsets
                0x0000000000007f00       0x1c platform/libplatform_s.a(tfm_platform_system.o)
 .rodata        0x0000000000007f1c        0xc platform/libplatform_s.a(tfm_platform_system.o)
 .rodata.data_width_byte
                0x0000000000007f28        0xc platform/libplatform_s.a(flash_otp_nv_counters_backend.o)
 *libtfm_spm*:*(.rodata*)
 .rodata.HEX_TABLE
                0x0000000000007f34       0x10 secure_fw/spm/libtfm_spm.a(spm_log.o)
 .rodata.main.str1.1
                0x0000000000007f44       0x8c secure_fw/spm/libtfm_spm.a(main.o)
 .rodata.target_peripherals.0
                0x0000000000007fd0       0x74 secure_fw/spm/libtfm_spm.a(target_cfg.o)
 .rodata.memory_regions
                0x0000000000008044       0x14 secure_fw/spm/libtfm_spm.a(target_cfg.o)
                0x0000000000008044                memory_regions
 .rodata.serv_pool_ea
                0x0000000000008058        0x4 secure_fw/spm/libtfm_spm.a(rom_loader.o)
 .rodata.part_pool_ea
                0x000000000000805c        0x4 secure_fw/spm/libtfm_spm.a(rom_loader.o)
 .rodata.ldinf_ea
                0x0000000000008060        0x4 secure_fw/spm/libtfm_spm.a(rom_loader.o)
 .rodata.spm_svc_handler.str1.1
                0x0000000000008064       0x3b secure_fw/spm/libtfm_spm.a(tfm_svcalls.o)

.glue_7         0x00000000000080a0        0x0
 .glue_7        0x00000000000080a0        0x0 linker stubs

.glue_7t        0x00000000000080a0        0x0
 .glue_7t       0x00000000000080a0        0x0 linker stubs

.vfp11_veneer   0x00000000000080a0        0x0
 .vfp11_veneer  0x00000000000080a0        0x0 linker stubs

.v4_bx          0x00000000000080a0        0x0
 .v4_bx         0x00000000000080a0        0x0 linker stubs

.iplt           0x00000000000080a0        0x0
 .iplt          0x00000000000080a0        0x0 c:/ncs/toolchains/0b393f9e1b/opt/zephyr-sdk/arm-zephyr-eabi/bin/../lib/gcc/arm-zephyr-eabi/12.2.0/thumb/v8-m.main+fp/hard/crtbegin.o

.psa_interface_thread_fn_call
                0x00000000000080a0       0xb0
 .psa_interface_thread_fn_call
                0x00000000000080a0       0xb0 secure_fw/partitions/lib/runtime/libtfm_sprt.a(psa_interface_thread_fn_call.o)
                0x00000000000080a0                psa_framework_version_thread_fn_call
                0x00000000000080ac                psa_version_thread_fn_call
                0x00000000000080b8                tfm_psa_call_pack_thread_fn_call
                0x00000000000080c4                psa_wait_thread_fn_call
                0x00000000000080d0                psa_get_thread_fn_call
                0x00000000000080dc                psa_read_thread_fn_call
                0x00000000000080e8                psa_skip_thread_fn_call
                0x00000000000080f4                psa_write_thread_fn_call
                0x0000000000008100                psa_reply_thread_fn_call
                0x000000000000810c                psa_panic_thread_fn_call
                0x0000000000008118                psa_rot_lifecycle_state_thread_fn_call

.TFM_UNPRIV_CODE
                0x0000000000008160     0xe8c0
 *(SORT_BY_ALIGNMENT(.text*))
 .text.kmu_derive_cmac
                0x0000000000008160      0x178 C:/ncs/v3.0.2/nrfxlib/crypto/nrf_cc310_platform/lib/cortex-m33/hard-float/no-interrupts/libnrf_cc310_platform_0.9.19.a(kmu_shared.c.obj)
                0x0000000000008160                kmu_derive_cmac
 .text          0x00000000000082d8       0x88 c:/ncs/toolchains/0b393f9e1b/opt/zephyr-sdk/arm-zephyr-eabi/bin/../lib/gcc/arm-zephyr-eabi/12.2.0/thumb/v8-m.main+fp/hard/crtbegin.o